Component: Arm Compiler for Embedded 6.19 Tool: armlink [5e73cb00]

==============================================================================

Section Cross References

    basic_io.o(.text.vPrintString) refers to tasks.o(.text.vTaskSuspendAll) for vTaskSuspendAll
    basic_io.o(.text.vPrintString) refers to basic_io.o(.bss.cBuffer) for cBuffer
    basic_io.o(.text.vPrintString) refers to basic_io.o(.rodata.str1.1) for .L.str
    basic_io.o(.text.vPrintString) refers to printfa.o(i.__0sprintf) for sprintf
    basic_io.o(.text.vPrintString) refers to consoleprint.o(.text.consoleprint) for consoleprint
    basic_io.o(.text.vPrintString) refers to tasks.o(.text.xTaskResumeAll) for xTaskResumeAll
    basic_io.o(.ARM.exidx.text.vPrintString) refers to basic_io.o(.text.vPrintString) for [Anonymous Symbol]
    basic_io.o(.text.vPrintStringAndNumber) refers to tasks.o(.text.vTaskSuspendAll) for vTaskSuspendAll
    basic_io.o(.text.vPrintStringAndNumber) refers to basic_io.o(.bss.cBuffer) for cBuffer
    basic_io.o(.text.vPrintStringAndNumber) refers to basic_io.o(.rodata.str1.1) for .L.str.1
    basic_io.o(.text.vPrintStringAndNumber) refers to printfa.o(i.__0sprintf) for sprintf
    basic_io.o(.text.vPrintStringAndNumber) refers to consoleprint.o(.text.consoleprint) for consoleprint
    basic_io.o(.text.vPrintStringAndNumber) refers to tasks.o(.text.xTaskResumeAll) for xTaskResumeAll
    basic_io.o(.ARM.exidx.text.vPrintStringAndNumber) refers to basic_io.o(.text.vPrintStringAndNumber) for [Anonymous Symbol]
    basic_io.o(.text.vPrintStringAndNumbers) refers to tasks.o(.text.vTaskSuspendAll) for vTaskSuspendAll
    basic_io.o(.text.vPrintStringAndNumbers) refers to basic_io.o(.bss.cBuffer) for cBuffer
    basic_io.o(.text.vPrintStringAndNumbers) refers to basic_io.o(.rodata.str1.1) for .L.str.2
    basic_io.o(.text.vPrintStringAndNumbers) refers to printfa.o(i.__0sprintf) for sprintf
    basic_io.o(.text.vPrintStringAndNumbers) refers to consoleprint.o(.text.consoleprint) for consoleprint
    basic_io.o(.text.vPrintStringAndNumbers) refers to tasks.o(.text.xTaskResumeAll) for xTaskResumeAll
    basic_io.o(.ARM.exidx.text.vPrintStringAndNumbers) refers to basic_io.o(.text.vPrintStringAndNumbers) for [Anonymous Symbol]
    consoleprint.o(.text.consoleprint) refers to strlen.o(.text) for strlen
    consoleprint.o(.text.consoleprint) refers to retarget.o(.text.__write) for __write
    consoleprint.o(.ARM.exidx.text.consoleprint) refers to consoleprint.o(.text.consoleprint) for [Anonymous Symbol]
    main.o(.text.vEncoderTask) refers to lcd.o(.text.LCD_Clear) for LCD_Clear
    main.o(.text.vEncoderTask) refers to lcd.o(.text.LCD_SetCursor) for LCD_SetCursor
    main.o(.text.vEncoderTask) refers to main.o(.rodata.str1.1) for .L.str
    main.o(.text.vEncoderTask) refers to lcd.o(.text.LCD_Print) for LCD_Print
    main.o(.text.vEncoderTask) refers to main.o(.data.encoderPos) for encoderPos
    main.o(.text.vEncoderTask) refers to main.o(.bss.encoderDirection) for encoderDirection
    main.o(.text.vEncoderTask) refers to printfa.o(i.__0snprintf) for snprintf
    main.o(.text.vEncoderTask) refers to tasks.o(.text.ulTaskGenericNotifyTake) for ulTaskGenericNotifyTake
    main.o(.text.vEncoderTask) refers to main.o(.data.window_state) for window_state
    main.o(.text.vEncoderTask) refers to main.o(.bss.xDriverWindowLowerTaskHandle) for xDriverWindowLowerTaskHandle
    main.o(.text.vEncoderTask) refers to tasks.o(.text.vTaskSuspend) for vTaskSuspend
    main.o(.text.vEncoderTask) refers to main.o(.bss.xPassengerWindowLowerTaskHandle) for xPassengerWindowLowerTaskHandle
    main.o(.text.vEncoderTask) refers to tasks.o(.text.vTaskResume) for vTaskResume
    main.o(.text.vEncoderTask) refers to main.o(.bss.xDriverWindowElevateTaskHandle) for xDriverWindowElevateTaskHandle
    main.o(.text.vEncoderTask) refers to main.o(.bss.xPassengerWindowElevateTaskHandle) for xPassengerWindowElevateTaskHandle
    main.o(.ARM.exidx.text.vEncoderTask) refers to main.o(.text.vEncoderTask) for [Anonymous Symbol]
    main.o(.text.main) refers to ports_init.o(.text.PortA_Config) for PortA_Config
    main.o(.text.main) refers to ports_init.o(.text.PortC_Config) for PortC_Config
    main.o(.text.main) refers to ports_init.o(.text.PortF_Config) for PortF_Config
    main.o(.text.main) refers to lcd.o(.text.LCD_Init) for LCD_Init
    main.o(.text.main) refers to lcd.o(.text.LCD_SetBacklight) for LCD_SetBacklight
    main.o(.text.main) refers to lcd.o(.text.LCD_Clear) for LCD_Clear
    main.o(.text.main) refers to lcd.o(.text.LCD_SetCursor) for LCD_SetCursor
    main.o(.text.main) refers to main.o(.rodata.str1.1) for .L.str.5
    main.o(.text.main) refers to lcd.o(.text.LCD_Print) for LCD_Print
    main.o(.text.main) refers to main.o(.text.ISRHandlers) for ISRHandlers
    main.o(.text.main) refers to gpio.o(i.GPIOIntRegister) for GPIOIntRegister
[...]
    [Anonymous Symbol]                       0x00002454   Section        0  timers.o(.text.prvInsertTimerInActiveList)
    prvIsQueueEmpty                          0x000024dd   Thumb Code    40  queue.o(.text.prvIsQueueEmpty)
    [Anonymous Symbol]                       0x000024dc   Section        0  queue.o(.text.prvIsQueueEmpty)
    prvPortStartFirstTask                    0x00002505   Thumb Code    40  port.o(.text.prvPortStartFirstTask)
    [Anonymous Symbol]                       0x00002504   Section        0  port.o(.text.prvPortStartFirstTask)
    prvProcessExpiredTimer                   0x0000252d   Thumb Code    84  timers.o(.text.prvProcessExpiredTimer)
    [Anonymous Symbol]                       0x0000252c   Section        0  timers.o(.text.prvProcessExpiredTimer)
    prvProcessReceivedCommands               0x00002581   Thumb Code   334  timers.o(.text.prvProcessReceivedCommands)
    [Anonymous Symbol]                       0x00002580   Section        0  timers.o(.text.prvProcessReceivedCommands)
    prvProcessTimerOrBlockTask               0x000026d1   Thumb Code   154  timers.o(.text.prvProcessTimerOrBlockTask)
    [Anonymous Symbol]                       0x000026d0   Section        0  timers.o(.text.prvProcessTimerOrBlockTask)
    prvReloadTimer                           0x0000276d   Thumb Code    52  timers.o(.text.prvReloadTimer)
    [Anonymous Symbol]                       0x0000276c   Section        0  timers.o(.text.prvReloadTimer)
    prvResetNextTaskUnblockTime              0x000027a1   Thumb Code    60  tasks.o(.text.prvResetNextTaskUnblockTime)
    [Anonymous Symbol]                       0x000027a0   Section        0  tasks.o(.text.prvResetNextTaskUnblockTime)
    prvSampleTimeNow                         0x000027dd   Thumb Code    68  timers.o(.text.prvSampleTimeNow)
    [Anonymous Symbol]                       0x000027dc   Section        0  timers.o(.text.prvSampleTimeNow)
    prvSwitchTimerLists                      0x00002821   Thumb Code    82  timers.o(.text.prvSwitchTimerLists)
    [Anonymous Symbol]                       0x00002820   Section        0  timers.o(.text.prvSwitchTimerLists)
    prvTaskExitError                         0x00002875   Thumb Code    38  port.o(.text.prvTaskExitError)
    [Anonymous Symbol]                       0x00002874   Section        0  port.o(.text.prvTaskExitError)
    prvTaskIsTaskSuspended                   0x0000289d   Thumb Code   124  tasks.o(.text.prvTaskIsTaskSuspended)
    [Anonymous Symbol]                       0x0000289c   Section        0  tasks.o(.text.prvTaskIsTaskSuspended)
    prvTimerTask                             0x00002919   Thumb Code    30  timers.o(.text.prvTimerTask)
    [Anonymous Symbol]                       0x00002918   Section        0  timers.o(.text.prvTimerTask)
    prvUnlockQueue                           0x00002939   Thumb Code   174  queue.o(.text.prvUnlockQueue)
    [Anonymous Symbol]                       0x00002938   Section        0  queue.o(.text.prvUnlockQueue)
    [Anonymous Symbol]                       0x000029e8   Section        0  heap_4.o(.text.pvPortMalloc)
    [Anonymous Symbol]                       0x00002ba0   Section        0  tasks.o(.text.pvTaskIncrementMutexHeldCount)
    [Anonymous Symbol]                       0x00002bc4   Section        0  port.o(.text.pxPortInitialiseStack)
    [Anonymous Symbol]                       0x00002c24   Section        0  tasks.o(.text.ulTaskGenericNotifyTake)
    [Anonymous Symbol]                       0x00002d30   Section        0  list.o(.text.uxListRemove)
    [Anonymous Symbol]                       0x00002d78   Section        0  tasks.o(.text.uxTaskGetNumberOfTasks)
    [Anonymous Symbol]                       0x00002d84   Section        0  tasks.o(.text.vApplicationGetIdleTaskMemory)
    [Anonymous Symbol]                       0x00002db0   Section        0  tasks.o(.text.vApplicationGetTimerTaskMemory)
    [Anonymous Symbol]                       0x00002ddc   Section        0  main.o(.text.vApplicationIdleHook)
    [Anonymous Symbol]                       0x00002e7c   Section        0  main.o(.text.vDriverWindowElevateTask)
    [Anonymous Symbol]                       0x000030b8   Section        0  main.o(.text.vDriverWindowLowerTask)
    [Anonymous Symbol]                       0x000032f4   Section        0  main.o(.text.vEncoderTask)
    [Anonymous Symbol]                       0x00003578   Section        0  list.o(.text.vListInitialise)
    [Anonymous Symbol]                       0x000035a8   Section        0  list.o(.text.vListInitialiseItem)
    [Anonymous Symbol]                       0x000035b8   Section        0  list.o(.text.vListInsert)
    [Anonymous Symbol]                       0x00003624   Section        0  list.o(.text.vListInsertEnd)
    [Anonymous Symbol]                       0x00003660   Section        0  main.o(.text.vLockWindows)
    [Anonymous Symbol]                       0x000037b8   Section        0  main.o(.text.vLowerLimitAction)
    [Anonymous Symbol]                       0x00003900   Section        0  main.o(.text.vObstacleDetection)
    [Anonymous Symbol]                       0x00003abc   Section        0  main.o(.text.vPassengerWindowElevateTask)
    [Anonymous Symbol]                       0x00003cf4   Section        0  main.o(.text.vPassengerWindowLowerTask)
    vPortEnableVFP                           0x00003f2d   Thumb Code    20  port.o(.text.vPortEnableVFP)
    [Anonymous Symbol]                       0x00003f2c   Section        0  port.o(.text.vPortEnableVFP)
    [Anonymous Symbol]                       0x00003f40   Section        0  port.o(.text.vPortEnterCritical)
    [Anonymous Symbol]                       0x00003f70   Section        0  port.o(.text.vPortExitCritical)
    [Anonymous Symbol]                       0x00003f98   Section        0  heap_4.o(.text.vPortFree)
    [Anonymous Symbol]                       0x00004010   Section        0  port.o(.text.vPortSetupTimerInterrupt)
    [Anonymous Symbol]                       0x00004054   Section        0  queue.o(.text.vQueueWaitForMessageRestricted)
    [Anonymous Symbol]                       0x000040b8   Section        0  tasks.o(.text.vTaskDelay)
    [Anonymous Symbol]                       0x00004104   Section        0  tasks.o(.text.vTaskInternalSetTimeOutState)
    [Anonymous Symbol]                       0x00004128   Section        0  tasks.o(.text.vTaskMissedYield)
    [Anonymous Symbol]                       0x00004138   Section        0  tasks.o(.text.vTaskPlaceOnEventList)
    [Anonymous Symbol]                       0x00004160   Section        0  tasks.o(.text.vTaskPlaceOnEventListRestricted)
    [Anonymous Symbol]                       0x000041c4   Section        0  tasks.o(.text.vTaskPriorityDisinheritAfterTimeout)
    [Anonymous Symbol]                       0x000042fc   Section        0  tasks.o(.text.vTaskResume)
    [Anonymous Symbol]                       0x00004404   Section        0  tasks.o(.text.vTaskStartScheduler)
    [Anonymous Symbol]                       0x00004478   Section        0  tasks.o(.text.vTaskSuspend)
    [Anonymous Symbol]                       0x000045a0   Section        0  tasks.o(.text.vTaskSuspendAll)
    __tagsym$$used.0                         0x000045b0   Number         0  tasks.o(.text.vTaskSwitchContext)
    [Anonymous Symbol]                       0x000045b0   Section        0  tasks.o(.text.vTaskSwitchContext)
    [Anonymous Symbol]                       0x0000466c   Section        0  main.o(.text.vUpperLimitAction)
    [Anonymous Symbol]                       0x000047b4   Section        0  port.o(.text.xPortStartScheduler)
    [Anonymous Symbol]                       0x00004820   Section        0  port.o(.text.xPortSysTickHandler)
    [Anonymous Symbol]                       0x00004860   Section        0  queue.o(.text.xQueueGenericCreate)
    [Anonymous Symbol]                       0x000048e8   Section        0  queue.o(.text.xQueueGenericCreateStatic)
    [Anonymous Symbol]                       0x00004954   Section        0  queue.o(.text.xQueueGenericReset)
    [Anonymous Symbol]                       0x00004a24   Section        0  queue.o(.text.xQueueGiveFromISR)
    [Anonymous Symbol]                       0x00004aec   Section        0  queue.o(.text.xQueueReceive)
    [Anonymous Symbol]                       0x00004c40   Section        0  queue.o(.text.xQueueSemaphoreTake)
    [Anonymous Symbol]                       0x00004de0   Section        0  tasks.o(.text.xTaskCheckForTimeOut)
    [Anonymous Symbol]                       0x00004ea4   Section        0  tasks.o(.text.xTaskCreate)
    [Anonymous Symbol]                       0x00004ef8   Section        0  tasks.o(.text.xTaskCreateStatic)
    [Anonymous Symbol]                       0x00004f54   Section        0  tasks.o(.text.xTaskGenericNotifyFromISR)
    [Anonymous Symbol]                       0x00005190   Section        0  tasks.o(.text.xTaskGetSchedulerState)
    [Anonymous Symbol]                       0x000051c8   Section        0  tasks.o(.text.xTaskGetTickCount)
    [Anonymous Symbol]                       0x000051dc   Section        0  tasks.o(.text.xTaskIncrementTick)
    [Anonymous Symbol]                       0x0000543c   Section        0  tasks.o(.text.xTaskPriorityInherit)
    [Anonymous Symbol]                       0x00005598   Section        0  tasks.o(.text.xTaskRemoveFromEventList)
    [Anonymous Symbol]                       0x0000572c   Section        0  tasks.o(.text.xTaskResumeAll)
    [Anonymous Symbol]                       0x0000596c   Section        0  timers.o(.text.xTimerCreateTimerTask)
    i.GPIOIntClear                           0x000059e4   Section        0  gpio.o(i.GPIOIntClear)
    i.GPIOIntEnable                          0x000059ea   Section        0  gpio.o(i.GPIOIntEnable)
    i.GPIOIntRegister                        0x000059f6   Section        0  gpio.o(i.GPIOIntRegister)
    i.GPIOIntStatus                          0x00005a10   Section        0  gpio.o(i.GPIOIntStatus)
    i.GPIOIntTypeSet                         0x00005a1e   Section        0  gpio.o(i.GPIOIntTypeSet)
    i.GPIOPinRead                            0x00005a6e   Section        0  gpio.o(i.GPIOPinRead)
    i.IntEnable                              0x00005a74   Section        0  interrupt.o(i.IntEnable)
    i.IntPrioritySet                         0x00005ad8   Section        0  interrupt.o(i.IntPrioritySet)
    i.IntRegister                            0x00005b00   Section        0  interrupt.o(i.IntRegister)
    i.SysCtlSleep                            0x00005b34   Section        0  sysctl.o(i.SysCtlSleep)
    _GPIOIntNumberGet                        0x00005b39   Thumb Code    62  gpio.o(i._GPIOIntNumberGet)
    i._GPIOIntNumberGet                      0x00005b38   Section        0  gpio.o(i._GPIOIntNumberGet)
    i.__0snprintf                            0x00005b88   Section        0  printfa.o(i.__0snprintf)
    i.__scatterload_copy                     0x00005bbc   Section       14  handlers.o(i.__scatterload_copy)
    i.__scatterload_null                     0x00005bca   Section        2  handlers.o(i.__scatterload_null)
    i.__scatterload_zeroinit                 0x00005bcc   Section       14  handlers.o(i.__scatterload_zeroinit)
    _fp_digits                               0x00005bdd   Thumb Code   366  printfa.o(i._fp_digits)
    i._fp_digits                             0x00005bdc   Section        0  printfa.o(i._fp_digits)
    _printf_core                             0x00005d61   Thumb Code  1744  printfa.o(i._printf_core)
    i._printf_core                           0x00005d60   Section        0  printfa.o(i._printf_core)
    _printf_post_padding                     0x0000643d   Thumb Code    36  printfa.o(i._printf_post_padding)
    i._printf_post_padding                   0x0000643c   Section        0  printfa.o(i._printf_post_padding)
    _printf_pre_padding                      0x00006461   Thumb Code    46  printfa.o(i._printf_pre_padding)
    i._printf_pre_padding                    0x00006460   Section        0  printfa.o(i._printf_pre_padding)
    _snputc                                  0x0000648f   Thumb Code    22  printfa.o(i._snputc)
    i._snputc                                0x0000648e   Section        0  printfa.o(i._snputc)
    g_ppui32GPIOIntMapBlizzard               0x000064a4   Data         192  gpio.o(.constdata)
    .constdata                               0x000064a4   Section      552  gpio.o(.constdata)
    g_ppui32GPIOIntMapSnowflake              0x00006564   Data         216  gpio.o(.constdata)
    g_pui32GPIOBaseAddrs                     0x0000663c   Data         144  gpio.o(.constdata)
    g_pui32Priority                          0x000066cc   Data          32  interrupt.o(.constdata)
    .constdata                               0x000066cc   Section      268  interrupt.o(.constdata)
    g_pui32Regs                              0x000066ec   Data         156  interrupt.o(.constdata)
    g_pui32EnRegs                            0x00006788   Data          20  interrupt.o(.constdata)
    g_pui32Dii16Regs                         0x0000679c   Data          20  interrupt.o(.constdata)
    g_pui32PendRegs                          0x000067b0   Data          20  interrupt.o(.constdata)
    g_pui32UnpendRegs                        0x000067c4   Data          20  interrupt.o(.constdata)
    .L.str.30                                0x000067d8   Data          19  main.o(.rodata.str1.1)
    [Anonymous Symbol]                       0x000067d8   Section        0  main.o(.rodata.str1.1)
    .L.str.34                                0x000067eb   Data          17  main.o(.rodata.str1.1)
    .L.str.6                                 0x000067fc   Data          16  main.o(.rodata.str1.1)
    .L.str.31                                0x0000680c   Data          20  main.o(.rodata.str1.1)
    .L.str                                   0x00006820   Data           9  main.o(.rodata.str1.1)
    .L.str.28                                0x00006829   Data          15  main.o(.rodata.str1.1)
    .L.str.29                                0x00006838   Data          17  main.o(.rodata.str1.1)
    .L.str.4                                 0x00006849   Data          15  main.o(.rodata.str1.1)
    .L.str.3                                 0x00006858   Data          13  main.o(.rodata.str1.1)
    .L.str.32                                0x00006865   Data          17  main.o(.rodata.str1.1)
    .L.str.1                                 0x00006876   Data          18  main.o(.rodata.str1.1)
    .L.str.33                                0x00006888   Data          14  main.o(.rodata.str1.1)
    .L.str.20                                0x00006896   Data          15  main.o(.rodata.str1.1)
    .L.str.24                                0x000068a5   Data          17  main.o(.rodata.str1.1)
    .L.str.21                                0x000068b6   Data          15  main.o(.rodata.str1.1)
    .L.str.7                                 0x000068c5   Data          23  main.o(.rodata.str1.1)
    .L.str.9                                 0x000068dc   Data          20  main.o(.rodata.str1.1)
    .L.str.25                                0x000068f0   Data          17  main.o(.rodata.str1.1)
    .L.str.18                                0x00006901   Data          14  main.o(.rodata.str1.1)
    .L.str.27                                0x0000690f   Data          15  main.o(.rodata.str1.1)
    .L.str.17                                0x0000691e   Data          15  main.o(.rodata.str1.1)
    .L.str.12                                0x0000692d   Data          17  main.o(.rodata.str1.1)
    .L.str.13                                0x0000693e   Data          17  main.o(.rodata.str1.1)
    .L.str.14                                0x0000694f   Data          18  main.o(.rodata.str1.1)
    .L.str.2                                 0x00006961   Data          16  main.o(.rodata.str1.1)
    .L.str.23                                0x00006971   Data          19  main.o(.rodata.str1.1)
    .L.str.26                                0x00006984   Data          15  main.o(.rodata.str1.1)
    .L.str.22                                0x00006993   Data          12  main.o(.rodata.str1.1)
    .L.str.19                                0x0000699f   Data          17  main.o(.rodata.str1.1)
    .L.str.15                                0x000069b0   Data           8  main.o(.rodata.str1.1)
    .L.str.8                                 0x000069b8   Data          21  main.o(.rodata.str1.1)
    .L.str.10                                0x000069cd   Data          18  main.o(.rodata.str1.1)
    .L.str.16                                0x000069df   Data          16  main.o(.rodata.str1.1)
    .L.str.11                                0x000069ef   Data          12  main.o(.rodata.str1.1)
    .L.str.5                                 0x000069fb   Data          17  main.o(.rodata.str1.1)
    .L.str                                   0x00006a0c   Data           5  tasks.o(.rodata.str1.1)
    [Anonymous Symbol]                       0x00006a0c   Section        0  tasks.o(.rodata.str1.1)
    .L.str                                   0x00006a11   Data           8  timers.o(.rodata.str1.1)
    [Anonymous Symbol]                       0x00006a11   Section        0  timers.o(.rodata.str1.1)
    uxTopUsedPriority                        0x00006a1c   Data           4  tasks.o(.rodata.uxTopUsedPriority)
    [Anonymous Symbol]                       0x00006a1c   Section        0  tasks.o(.rodata.uxTopUsedPriority)
    encoderPos                               0x20000004   Data           4  main.o(.data.encoderPos)
    [Anonymous Symbol]                       0x20000004   Section        0  main.o(.data.encoderPos)
    uxCriticalNesting                        0x2000000c   Data           4  port.o(.data.uxCriticalNesting)
    [Anonymous Symbol]                       0x2000000c   Section        0  port.o(.data.uxCriticalNesting)
    g_pfnRAMVectors                          0x20000400   Data         620  interrupt.o(vtable)
    vtable                                   0x20000400   Section      620  interrupt.o(vtable)
    encoderDirection                         0x20000674   Data           4  main.o(.bss.encoderDirection)
    [Anonymous Symbol]                       0x20000674   Section        0  main.o(.bss.encoderDirection)
    lastEncoderTime                          0x2000067c   Data           4  main.o(.bss.lastEncoderTime)
    [Anonymous Symbol]                       0x2000067c   Section        0  main.o(.bss.lastEncoderTime)
    prvCheckForValidListAndQueue.ucStaticTimerQueueStorage 0x20000689   Data          80  timers.o(.bss.prvCheckForValidListAndQueue.ucStaticTimerQueueStorage)
    [Anonymous Symbol]                       0x20000689   Section        0  timers.o(.bss.prvCheckForValidListAndQueue.ucStaticTimerQueueStorage)
    prvCheckForValidListAndQueue.xStaticTimerQueue 0x200006dc   Data          80  timers.o(.bss.prvCheckForValidListAndQueue.xStaticTimerQueue)
    [Anonymous Symbol]                       0x200006dc   Section        0  timers.o(.bss.prvCheckForValidListAndQueue.xStaticTimerQueue)
    prvSampleTimeNow.xLastTime               0x2000072c   Data           4  timers.o(.bss.prvSampleTimeNow.xLastTime)
    [Anonymous Symbol]                       0x2000072c   Section        0  timers.o(.bss.prvSampleTimeNow.xLastTime)
    __tagsym$$used.1                         0x20000730   Number         0  tasks.o(.bss.pxCurrentTCB)
    pxCurrentTimerList                       0x20000734   Data           4  timers.o(.bss.pxCurrentTimerList)
    [Anonymous Symbol]                       0x20000734   Section        0  timers.o(.bss.pxCurrentTimerList)
    pxDelayedTaskList                        0x20000738   Data           4  tasks.o(.bss.pxDelayedTaskList)
    [Anonymous Symbol]                       0x20000738   Section        0  tasks.o(.bss.pxDelayedTaskList)
    pxEnd                                    0x2000073c   Data           4  heap_4.o(.bss.pxEnd)
    [Anonymous Symbol]                       0x2000073c   Section        0  heap_4.o(.bss.pxEnd)
    pxOverflowDelayedTaskList                0x20000740   Data           4  tasks.o(.bss.pxOverflowDelayedTaskList)
    [Anonymous Symbol]                       0x20000740   Section        0  tasks.o(.bss.pxOverflowDelayedTaskList)
    pxOverflowTimerList                      0x20000744   Data           4  timers.o(.bss.pxOverflowTimerList)
    [Anonymous Symbol]                       0x20000744   Section        0  timers.o(.bss.pxOverflowTimerList)
    pxReadyTasksLists                        0x20000748   Data        1120  tasks.o(.bss.pxReadyTasksLists)
    [Anonymous Symbol]                       0x20000748   Section        0  tasks.o(.bss.pxReadyTasksLists)
    ucHeap                                   0x20000ba8   Data        8192  heap_4.o(.bss.ucHeap)
    [Anonymous Symbol]                       0x20000ba8   Section        0  heap_4.o(.bss.ucHeap)
    uxCurrentNumberOfTasks                   0x20002bac   Data           4  tasks.o(.bss.uxCurrentNumberOfTasks)
    [Anonymous Symbol]                       0x20002bac   Section        0  tasks.o(.bss.uxCurrentNumberOfTasks)
    uxDeletedTasksWaitingCleanUp             0x20002bb0   Data           4  tasks.o(.bss.uxDeletedTasksWaitingCleanUp)
    [Anonymous Symbol]                       0x20002bb0   Section        0  tasks.o(.bss.uxDeletedTasksWaitingCleanUp)
    uxSchedulerSuspended                     0x20002bb4   Data           4  tasks.o(.bss.uxSchedulerSuspended)
    [Anonymous Symbol]                       0x20002bb4   Section        0  tasks.o(.bss.uxSchedulerSuspended)
    uxTaskNumber                             0x20002bb8   Data           4  tasks.o(.bss.uxTaskNumber)
    [Anonymous Symbol]                       0x20002bb8   Section        0  tasks.o(.bss.uxTaskNumber)
    uxTopReadyPriority                       0x20002bbc   Data           4  tasks.o(.bss.uxTopReadyPriority)
    [Anonymous Symbol]                       0x20002bbc   Section        0  tasks.o(.bss.uxTopReadyPriority)
    vApplicationGetIdleTaskMemory.uxIdleTaskStack 0x20002bc0   Data         512  tasks.o(.bss.vApplicationGetIdleTaskMemory.uxIdleTaskStack)
    [Anonymous Symbol]                       0x20002bc0   Section        0  tasks.o(.bss.vApplicationGetIdleTaskMemory.uxIdleTaskStack)
    vApplicationGetIdleTaskMemory.xIdleTaskTCB 0x20002dc0   Data          92  tasks.o(.bss.vApplicationGetIdleTaskMemory.xIdleTaskTCB)
    [Anonymous Symbol]                       0x20002dc0   Section        0  tasks.o(.bss.vApplicationGetIdleTaskMemory.xIdleTaskTCB)
    vApplicationGetTimerTaskMemory.uxTimerTaskStack 0x20002e1c   Data         320  tasks.o(.bss.vApplicationGetTimerTaskMemory.uxTimerTaskStack)
    [Anonymous Symbol]                       0x20002e1c   Section        0  tasks.o(.bss.vApplicationGetTimerTaskMemory.uxTimerTaskStack)
    vApplicationGetTimerTaskMemory.xTimerTaskTCB 0x20002f5c   Data          92  tasks.o(.bss.vApplicationGetTimerTaskMemory.xTimerTaskTCB)
    [Anonymous Symbol]                       0x20002f5c   Section        0  tasks.o(.bss.vApplicationGetTimerTaskMemory.xTimerTaskTCB)
    xActiveTimerList1                        0x20002fb8   Data          20  timers.o(.bss.xActiveTimerList1)
    [Anonymous Symbol]                       0x20002fb8   Section        0  timers.o(.bss.xActiveTimerList1)
    xActiveTimerList2                        0x20002fcc   Data          20  timers.o(.bss.xActiveTimerList2)
    [Anonymous Symbol]                       0x20002fcc   Section        0  timers.o(.bss.xActiveTimerList2)
    xDelayedTaskList1                        0x20002fe0   Data          20  tasks.o(.bss.xDelayedTaskList1)
    [Anonymous Symbol]                       0x20002fe0   Section        0  tasks.o(.bss.xDelayedTaskList1)
    xDelayedTaskList2                        0x20002ff4   Data          20  tasks.o(.bss.xDelayedTaskList2)
    [Anonymous Symbol]                       0x20002ff4   Section        0  tasks.o(.bss.xDelayedTaskList2)
    xFreeBytesRemaining                      0x2000301c   Data           4  heap_4.o(.bss.xFreeBytesRemaining)
    [Anonymous Symbol]                       0x2000301c   Section        0  heap_4.o(.bss.xFreeBytesRemaining)
    xIdleTaskHandles                         0x20003020   Data           4  tasks.o(.bss.xIdleTaskHandles)
    [Anonymous Symbol]                       0x20003020   Section        0  tasks.o(.bss.xIdleTaskHandles)
    xMinimumEverFreeBytesRemaining           0x20003034   Data           4  heap_4.o(.bss.xMinimumEverFreeBytesRemaining)
    [Anonymous Symbol]                       0x20003034   Section        0  heap_4.o(.bss.xMinimumEverFreeBytesRemaining)
    xNextTaskUnblockTime                     0x20003038   Data           4  tasks.o(.bss.xNextTaskUnblockTime)
    [Anonymous Symbol]                       0x20003038   Section        0  tasks.o(.bss.xNextTaskUnblockTime)
    xNumOfOverflows                          0x2000303c   Data           4  tasks.o(.bss.xNumOfOverflows)
    [Anonymous Symbol]                       0x2000303c   Section        0  tasks.o(.bss.xNumOfOverflows)
    xNumberOfSuccessfulAllocations           0x20003040   Data           4  heap_4.o(.bss.xNumberOfSuccessfulAllocations)
    [Anonymous Symbol]                       0x20003040   Section        0  heap_4.o(.bss.xNumberOfSuccessfulAllocations)
    xNumberOfSuccessfulFrees                 0x20003044   Data           4  heap_4.o(.bss.xNumberOfSuccessfulFrees)
    [Anonymous Symbol]                       0x20003044   Section        0  heap_4.o(.bss.xNumberOfSuccessfulFrees)
    xPendedTicks                             0x20003060   Data           4  tasks.o(.bss.xPendedTicks)
    [Anonymous Symbol]                       0x20003060   Section        0  tasks.o(.bss.xPendedTicks)
    xPendingReadyList                        0x20003064   Data          20  tasks.o(.bss.xPendingReadyList)
    [Anonymous Symbol]                       0x20003064   Section        0  tasks.o(.bss.xPendingReadyList)
    xSchedulerRunning                        0x20003078   Data           4  tasks.o(.bss.xSchedulerRunning)
    [Anonymous Symbol]                       0x20003078   Section        0  tasks.o(.bss.xSchedulerRunning)
    xStart                                   0x2000307c   Data           8  heap_4.o(.bss.xStart)
    [Anonymous Symbol]                       0x2000307c   Section        0  heap_4.o(.bss.xStart)
    xSuspendedTaskList                       0x20003084   Data          20  tasks.o(.bss.xSuspendedTaskList)
    [Anonymous Symbol]                       0x20003084   Section        0  tasks.o(.bss.xSuspendedTaskList)
    xTasksWaitingTermination                 0x20003098   Data          20  tasks.o(.bss.xTasksWaitingTermination)
    [Anonymous Symbol]                       0x20003098   Section        0  tasks.o(.bss.xTasksWaitingTermination)
    xTickCount                               0x200030ac   Data           4  tasks.o(.bss.xTickCount)
    [Anonymous Symbol]                       0x200030ac   Section        0  tasks.o(.bss.xTickCount)
    xTimerQueue                              0x200030b0   Data           4  timers.o(.bss.xTimerQueue)
    [Anonymous Symbol]                       0x200030b0   Section        0  timers.o(.bss.xTimerQueue)
    xTimerTaskHandle                         0x200030b4   Data           4  timers.o(.bss.xTimerTaskHandle)
    [Anonymous Symbol]                       0x200030b4   Section        0  timers.o(.bss.xTimerTaskHandle)
    xYieldPendings                           0x200030c0   Data           4  tasks.o(.bss.xYieldPendings)
    [Anonymous Symbol]                       0x200030c0   Section        0  tasks.o(.bss.xYieldPendings)
    STACK                                    0x200030c8   Section      512  startup_tm4c123.o(STACK)

    Global Symbols

    Symbol Name                              Value     Ov Type        Size  Object(Section)

    BuildAttributes$$THM_ISAv4$E$P$D$K$B$S$7EM$VFPi3$EXTD16$VFPS$VFMA$PE$A:L22UL41UL21$X:L11$S22US41US21$IEEE1$IW$~IW$USESV6$~STKCKD$USESV7$~SHL$OTIME$ROPI$EBA8$MICROLIB$REQ8$PRES8$EABIv2 0x00000000   Number         0  anon$$obj.o ABSOLUTE
    __Vectors                                0x00000000   Data           4  startup_tm4c123.o(RESET)
    __cpp_initialize__aeabi_                  - Undefined Weak Reference
    __cxa_finalize                            - Undefined Weak Reference
    _clock_init                               - Undefined Weak Reference
    _microlib_exit                            - Undefined Weak Reference
    __Vectors_End                            0x0000026c   Data           0  startup_tm4c123.o(RESET)
    __Vectors_Size                           0x0000026c   Number         0  startup_tm4c123.o ABSOLUTE
    __main                                   0x0000026d   Thumb Code     0  entry.o(.ARM.Collect$$$$00000000)
    _main_stk                                0x0000026d   Thumb Code     0  entry2.o(.ARM.Collect$$$$00000001)
    _main_scatterload                        0x00000271   Thumb Code     0  entry5.o(.ARM.Collect$$$$00000004)
    __main_after_scatterload                 0x00000275   Thumb Code     0  entry5.o(.ARM.Collect$$$$00000004)
    _main_clock                              0x00000275   Thumb Code     0  entry7b.o(.ARM.Collect$$$$00000008)
    _main_cpp_init                           0x00000275   Thumb Code     0  entry8b.o(.ARM.Collect$$$$0000000A)
    _main_init                               0x00000275   Thumb Code     0  entry9a.o(.ARM.Collect$$$$0000000B)
    __rt_final_cpp                           0x0000027d   Thumb Code     0  entry10a.o(.ARM.Collect$$$$0000000D)
    __rt_final_exit                          0x0000027d   Thumb Code     0  entry11a.o(.ARM.Collect$$$$0000000F)
    CPUcpsid                                 0x00000281   Thumb Code     8  cpu.o(.emb_text)
    CPUprimask                               0x00000289   Thumb Code     6  cpu.o(.emb_text)
    CPUcpsie                                 0x0000028f   Thumb Code     8  cpu.o(.emb_text)
    CPUwfi                                   0x00000297   Thumb Code     4  cpu.o(.emb_text)
    CPUbasepriSet                            0x0000029b   Thumb Code     6  cpu.o(.emb_text)
    CPUbasepriGet                            0x000002a1   Thumb Code     6  cpu.o(.emb_text)
    Reset_Handler                            0x000002a9   Thumb Code     8  startup_tm4c123.o(.text)
    NMI_Handler                              0x000002b1   Thumb Code     2  startup_tm4c123.o(.text)
    HardFault_Handler                        0x000002b3   Thumb Code     2  startup_tm4c123.o(.text)
    MemManage_Handler                        0x000002b5   Thumb Code     2  startup_tm4c123.o(.text)
    BusFault_Handler                         0x000002b7   Thumb Code     2  startup_tm4c123.o(.text)
    UsageFault_Handler                       0x000002b9   Thumb Code     2  startup_tm4c123.o(.text)
    DebugMon_Handler                         0x000002bd   Thumb Code     2  startup_tm4c123.o(.text)
    GPIOA_Handler                            0x000002c3   Thumb Code     2  startup_tm4c123.o(.text)
    GPIOB_Handler                            0x000002c5   Thumb Code     2  startup_tm4c123.o(.text)
    GPIOC_Handler                            0x000002c7   Thumb Code     2  startup_tm4c123.o(.text)
    GPIOD_Handler                            0x000002c9   Thumb Code     2  startup_tm4c123.o(.text)
    GPIOE_Handler                            0x000002cb   Thumb Code     2  startup_tm4c123.o(.text)
    UART0_Handler                            0x000002cd   Thumb Code     2  startup_tm4c123.o(.text)
    UART1_Handler                            0x000002cf   Thumb Code     2  startup_tm4c123.o(.text)
    SSI0_Handler                             0x000002d1   Thumb Code     2  startup_tm4c123.o(.text)
    I2C0_Handler                             0x000002d3   Thumb Code     2  startup_tm4c123.o(.text)
    PMW0_FAULT_Handler                       0x000002d5   Thumb Code     2  startup_tm4c123.o(.text)
    PWM0_0_Handler                           0x000002d7   Thumb Code     2  startup_tm4c123.o(.text)
    PWM0_1_Handler                           0x000002d9   Thumb Code     2  startup_tm4c123.o(.text)
    PWM0_2_Handler                           0x000002db   Thumb Code     2  startup_tm4c123.o(.text)
    QEI0_Handler                             0x000002dd   Thumb Code     2  startup_tm4c123.o(.text)
    ADC0SS0_Handler                          0x000002df   Thumb Code     2  startup_tm4c123.o(.text)
    ADC0SS1_Handler                          0x000002e1   Thumb Code     2  startup_tm4c123.o(.text)
    ADC0SS2_Handler                          0x000002e3   Thumb Code     2  startup_tm4c123.o(.text)
    ADC0SS3_Handler                          0x000002e5   Thumb Code     2  startup_tm4c123.o(.text)
    WDT0_Handler                             0x000002e7   Thumb Code     2  startup_tm4c123.o(.text)
    TIMER0A_Handler                          0x000002e9   Thumb Code     2  startup_tm4c123.o(.text)
    TIMER0B_Handler                          0x000002eb   Thumb Code     2  startup_tm4c123.o(.text)
    TIMER1A_Handler                          0x000002ed   Thumb Code     2  startup_tm4c123.o(.text)
    TIMER1B_Handler                          0x000002ef   Thumb Code     2  startup_tm4c123.o(.text)
    TIMER2A_Handler                          0x000002f1   Thumb Code     2  startup_tm4c123.o(.text)
    TIMER2B_Handler                          0x000002f3   Thumb Code     2  startup_tm4c123.o(.text)
    COMP0_Handler                            0x000002f5   Thumb Code     2  startup_tm4c123.o(.text)
    COMP1_Handler                            0x000002f7   Thumb Code     2  startup_tm4c123.o(.text)
    COMP2_Handler                            0x000002f9   Thumb Code     2  startup_tm4c123.o(.text)
    SYSCTL_Handler                           0x000002fb   Thumb Code     2  startup_tm4c123.o(.text)
    FLASH_Handler                            0x000002fd   Thumb Code     2  startup_tm4c123.o(.text)
    GPIOF_Handler                            0x000002ff   Thumb Code     2  startup_tm4c123.o(.text)
    GPIOG_Handler                            0x00000301   Thumb Code     2  startup_tm4c123.o(.text)
    GPIOH_Handler                            0x00000303   Thumb Code     2  startup_tm4c123.o(.text)
    UART2_Handler                            0x00000305   Thumb Code     2  startup_tm4c123.o(.text)
    SSI1_Handler                             0x00000307   Thumb Code     2  startup_tm4c123.o(.text)
    TIMER3A_Handler                          0x00000309   Thumb Code     2  startup_tm4c123.o(.text)
    TIMER3B_Handler                          0x0000030b   Thumb Code     2  startup_tm4c123.o(.text)
    I2C1_Handler                             0x0000030d   Thumb Code     2  startup_tm4c123.o(.text)
    QEI1_Handler                             0x0000030f   Thumb Code     2  startup_tm4c123.o(.text)
    CAN0_Handler                             0x00000311   Thumb Code     2  startup_tm4c123.o(.text)
    CAN1_Handler                             0x00000313   Thumb Code     2  startup_tm4c123.o(.text)
    CAN2_Handler                             0x00000315   Thumb Code     2  startup_tm4c123.o(.text)
    HIB_Handler                              0x00000317   Thumb Code     2  startup_tm4c123.o(.text)
    USB0_Handler                             0x00000319   Thumb Code     2  startup_tm4c123.o(.text)
    PWM0_3_Handler                           0x0000031b   Thumb Code     2  startup_tm4c123.o(.text)
    UDMA_Handler                             0x0000031d   Thumb Code     2  startup_tm4c123.o(.text)
    UDMAERR_Handler                          0x0000031f   Thumb Code     2  startup_tm4c123.o(.text)
    ADC1SS0_Handler                          0x00000321   Thumb Code     2  startup_tm4c123.o(.text)
    ADC1SS1_Handler                          0x00000323   Thumb Code     2  startup_tm4c123.o(.text)
    ADC1SS2_Handler                          0x00000325   Thumb Code     2  startup_tm4c123.o(.text)
    ADC1SS3_Handler                          0x00000327   Thumb Code     2  startup_tm4c123.o(.text)
    GPIOJ_Handler                            0x00000329   Thumb Code     2  startup_tm4c123.o(.text)
    GPIOK_Handler                            0x0000032b   Thumb Code     2  startup_tm4c123.o(.text)
    GPIOL_Handler                            0x0000032d   Thumb Code     2  startup_tm4c123.o(.text)
    SSI2_Handler                             0x0000032f   Thumb Code     2  startup_tm4c123.o(.text)
    SSI3_Handler                             0x00000331   Thumb Code     2  startup_tm4c123.o(.text)
    UART3_Handler                            0x00000333   Thumb Code     2  startup_tm4c123.o(.text)
    UART4_Handler                            0x00000335   Thumb Code     2  startup_tm4c123.o(.text)
    UART5_Handler                            0x00000337   Thumb Code     2  startup_tm4c123.o(.text)
    UART6_Handler                            0x00000339   Thumb Code     2  startup_tm4c123.o(.text)
    UART7_Handler                            0x0000033b   Thumb Code     2  startup_tm4c123.o(.text)
    I2C2_Handler                             0x0000033d   Thumb Code     2  startup_tm4c123.o(.text)
    I2C3_Handler                             0x0000033f   Thumb Code     2  startup_tm4c123.o(.text)
    TIMER4A_Handler                          0x00000341   Thumb Code     2  startup_tm4c123.o(.text)
    TIMER4B_Handler                          0x00000343   Thumb Code     2  startup_tm4c123.o(.text)
    TIMER5A_Handler                          0x00000345   Thumb Code     2  startup_tm4c123.o(.text)
    TIMER5B_Handler                          0x00000347   Thumb Code     2  startup_tm4c123.o(.text)
    WTIMER0A_Handler                         0x00000349   Thumb Code     2  startup_tm4c123.o(.text)
    WTIMER0B_Handler                         0x0000034b   Thumb Code     2  startup_tm4c123.o(.text)
    WTIMER1A_Handler                         0x0000034d   Thumb Code     2  startup_tm4c123.o(.text)
    WTIMER1B_Handler                         0x0000034f   Thumb Code     2  startup_tm4c123.o(.text)
    WTIMER2A_Handler                         0x00000351   Thumb Code     2  startup_tm4c123.o(.text)
    WTIMER2B_Handler                         0x00000353   Thumb Code     2  startup_tm4c123.o(.text)
    WTIMER3A_Handler                         0x00000355   Thumb Code     2  startup_tm4c123.o(.text)
    WTIMER3B_Handler                         0x00000357   Thumb Code     2  startup_tm4c123.o(.text)
    WTIMER4A_Handler                         0x00000359   Thumb Code     2  startup_tm4c123.o(.text)
    WTIMER4B_Handler                         0x0000035b   Thumb Code     2  startup_tm4c123.o(.text)
    WTIMER5A_Handler                         0x0000035d   Thumb Code     2  startup_tm4c123.o(.text)
    WTIMER5B_Handler                         0x0000035f   Thumb Code     2  startup_tm4c123.o(.text)
    FPU_Handler                              0x00000361   Thumb Code     2  startup_tm4c123.o(.text)
    I2C4_Handler                             0x00000363   Thumb Code     2  startup_tm4c123.o(.text)
    I2C5_Handler                             0x00000365   Thumb Code     2  startup_tm4c123.o(.text)
    GPIOM_Handler                            0x00000367   Thumb Code     2  startup_tm4c123.o(.text)
    GPION_Handler                            0x00000369   Thumb Code     2  startup_tm4c123.o(.text)
    QEI2_Handler                             0x0000036b   Thumb Code     2  startup_tm4c123.o(.text)
    GPIOP0_Handler                           0x0000036d   Thumb Code     2  startup_tm4c123.o(.text)
    GPIOP1_Handler                           0x0000036f   Thumb Code     2  startup_tm4c123.o(.text)
    GPIOP2_Handler                           0x00000371   Thumb Code     2  startup_tm4c123.o(.text)
    GPIOP3_Handler                           0x00000373   Thumb Code     2  startup_tm4c123.o(.text)
    GPIOP4_Handler                           0x00000375   Thumb Code     2  startup_tm4c123.o(.text)
    GPIOP5_Handler                           0x00000377   Thumb Code     2  startup_tm4c123.o(.text)
    GPIOP6_Handler                           0x00000379   Thumb Code     2  startup_tm4c123.o(.text)
    GPIOP7_Handler                           0x0000037b   Thumb Code     2  startup_tm4c123.o(.text)
    GPIOQ0_Handler                           0x0000037d   Thumb Code     2  startup_tm4c123.o(.text)
    GPIOQ1_Handler                           0x0000037f   Thumb Code     2  startup_tm4c123.o(.text)
    GPIOQ2_Handler                           0x00000381   Thumb Code     2  startup_tm4c123.o(.text)
    GPIOQ3_Handler                           0x00000383   Thumb Code     2  startup_tm4c123.o(.text)
    GPIOQ4_Handler                           0x00000385   Thumb Code     2  startup_tm4c123.o(.text)
    GPIOQ5_Handler                           0x00000387   Thumb Code     2  startup_tm4c123.o(.text)
    GPIOQ6_Handler                           0x00000389   Thumb Code     2  startup_tm4c123.o(.text)
    GPIOQ7_Handler                           0x0000038b   Thumb Code     2  startup_tm4c123.o(.text)
    GPIOR_Handler                            0x0000038d   Thumb Code     2  startup_tm4c123.o(.text)
    GPIOS_Handler                            0x0000038f   Thumb Code     2  startup_tm4c123.o(.text)
    PMW1_0_Handler                           0x00000391   Thumb Code     2  startup_tm4c123.o(.text)
    PWM1_1_Handler                           0x00000393   Thumb Code     2  startup_tm4c123.o(.text)
    PWM1_2_Handler                           0x00000395   Thumb Code     2  startup_tm4c123.o(.text)
    PWM1_3_Handler                           0x00000397   Thumb Code     2  startup_tm4c123.o(.text)
    PWM1_FAULT_Handler                       0x00000399   Thumb Code     2  startup_tm4c123.o(.text)
    __aeabi_memcpy                           0x000003a5   Thumb Code    36  memcpya.o(.text)
    __aeabi_memcpy4                          0x000003a5   Thumb Code     0  memcpya.o(.text)
    __aeabi_memcpy8                          0x000003a5   Thumb Code     0  memcpya.o(.text)
    __aeabi_memset                           0x000003c9   Thumb Code    14  memseta.o(.text)
    __aeabi_memset4                          0x000003c9   Thumb Code     0  memseta.o(.text)
    __aeabi_memset8                          0x000003c9   Thumb Code     0  memseta.o(.text)
    __aeabi_memclr                           0x000003d7   Thumb Code     4  memseta.o(.text)
    __aeabi_memclr4                          0x000003d7   Thumb Code     0  memseta.o(.text)
    __aeabi_memclr8                          0x000003d7   Thumb Code     0  memseta.o(.text)
    _memset$wrapper                          0x000003db   Thumb Code    18  memseta.o(.text)
    __aeabi_uidiv                            0x000003ed   Thumb Code     0  uidiv.o(.text)
    __aeabi_uidivmod                         0x000003ed   Thumb Code    44  uidiv.o(.text)
    __aeabi_uldivmod                         0x00000419   Thumb Code    98  uldiv.o(.text)
    __I$use$fp                               0x0000047b   Thumb Code     0  iusefp.o(.text)
    __aeabi_dadd                             0x0000047b   Thumb Code   322  dadd.o(.text)
    __aeabi_dsub                             0x000005bd   Thumb Code     6  dadd.o(.text)
    __aeabi_drsub                            0x000005c3   Thumb Code     6  dadd.o(.text)
    __aeabi_dmul                             0x000005c9   Thumb Code   228  dmul.o(.text)
    __aeabi_ddiv                             0x000006ad   Thumb Code   222  ddiv.o(.text)
    __aeabi_d2ulz                            0x0000078b   Thumb Code    48  dfixul.o(.text)
    __aeabi_cdrcmple                         0x000007bd   Thumb Code    48  cdrcmple.o(.text)
    __scatterload                            0x000007ed   Thumb Code    28  init.o(.text)
    __scatterload_rt2                        0x000007ed   Thumb Code     0  init.o(.text)
    __aeabi_llsl                             0x00000811   Thumb Code    30  llshl.o(.text)
    _ll_shift_l                              0x00000811   Thumb Code     0  llshl.o(.text)
    __aeabi_llsr                             0x0000082f   Thumb Code    32  llushr.o(.text)
    _ll_ushift_r                             0x0000082f   Thumb Code     0  llushr.o(.text)
    __aeabi_lasr                             0x0000084f   Thumb Code    36  llsshr.o(.text)
    _ll_sshift_r                             0x0000084f   Thumb Code     0  llsshr.o(.text)
    _double_round                            0x00000873   Thumb Code    30  depilogue.o(.text)
    _double_epilogue                         0x00000891   Thumb Code   156  depilogue.o(.text)
    __decompress                             0x0000092d   Thumb Code     0  __dczerorl.o(.text)
    __decompress0                            0x0000092d   Thumb Code    58  __dczerorl.o(.text)
    ISRHandlers                              0x00000a39   Thumb Code  1824  main.o(.text.ISRHandlers)
    LCD_Clear                                0x00001159   Thumb Code    40  lcd.o(.text.LCD_Clear)
    LCD_Init                                 0x000011d9   Thumb Code   226  lcd.o(.text.LCD_Init)
    LCD_Print                                0x000012bd   Thumb Code    34  lcd.o(.text.LCD_Print)
    LCD_SetBacklight                         0x00001321   Thumb Code    32  lcd.o(.text.LCD_SetBacklight)
    LCD_SetCursor                            0x00001341   Thumb Code    48  lcd.o(.text.LCD_SetCursor)
    PendSV_Handler                           0x000013d1   Thumb Code   100  port.o(.text.PendSV_Handler)
    PortA_Config                             0x00001435   Thumb Code    58  ports_init.o(.text.PortA_Config)
    PortC_Config                             0x00001471   Thumb Code    50  ports_init.o(.text.PortC_Config)
    PortD_Config                             0x000014a5   Thumb Code   112  ports_init.o(.text.PortD_Config)
    PortF_Config                             0x00001515   Thumb Code   114  ports_init.o(.text.PortF_Config)
    SVC_Handler                              0x00001591   Thumb Code    36  port.o(.text.SVC_Handler)
    SysTick_Handler                          0x000015b5   Thumb Code    30  cmsis_os2.o(.text.SysTick_Handler)
    SystemInit                               0x000015d5   Thumb Code   268  system_tm4c123.o(.text.SystemInit)
    main                                     0x000016e1   Thumb Code   992  main.o(.text.main)
    pvPortMalloc                             0x000029e9   Thumb Code   438  heap_4.o(.text.pvPortMalloc)
    pvTaskIncrementMutexHeldCount            0x00002ba1   Thumb Code    36  tasks.o(.text.pvTaskIncrementMutexHeldCount)
    pxPortInitialiseStack                    0x00002bc5   Thumb Code    94  port.o(.text.pxPortInitialiseStack)
    ulTaskGenericNotifyTake                  0x00002c25   Thumb Code   268  tasks.o(.text.ulTaskGenericNotifyTake)
    uxListRemove                             0x00002d31   Thumb Code    72  list.o(.text.uxListRemove)
    uxTaskGetNumberOfTasks                   0x00002d79   Thumb Code    12  tasks.o(.text.uxTaskGetNumberOfTasks)
    vApplicationGetIdleTaskMemory            0x00002d85   Thumb Code    42  tasks.o(.text.vApplicationGetIdleTaskMemory)
    vApplicationGetTimerTaskMemory           0x00002db1   Thumb Code    42  tasks.o(.text.vApplicationGetTimerTaskMemory)
    vApplicationIdleHook                     0x00002ddd   Thumb Code   160  main.o(.text.vApplicationIdleHook)
    vDriverWindowElevateTask                 0x00002e7d   Thumb Code   572  main.o(.text.vDriverWindowElevateTask)
    vDriverWindowLowerTask                   0x000030b9   Thumb Code   570  main.o(.text.vDriverWindowLowerTask)
    vEncoderTask                             0x000032f5   Thumb Code   644  main.o(.text.vEncoderTask)
    vListInitialise                          0x00003579   Thumb Code    46  list.o(.text.vListInitialise)
    vListInitialiseItem                      0x000035a9   Thumb Code    14  list.o(.text.vListInitialiseItem)
    vListInsert                              0x000035b9   Thumb Code   106  list.o(.text.vListInsert)
    vListInsertEnd                           0x00003625   Thumb Code    58  list.o(.text.vListInsertEnd)
    vLockWindows                             0x00003661   Thumb Code   344  main.o(.text.vLockWindows)
    vLowerLimitAction                        0x000037b9   Thumb Code   328  main.o(.text.vLowerLimitAction)
    vObstacleDetection                       0x00003901   Thumb Code   444  main.o(.text.vObstacleDetection)
    vPassengerWindowElevateTask              0x00003abd   Thumb Code   568  main.o(.text.vPassengerWindowElevateTask)
    vPassengerWindowLowerTask                0x00003cf5   Thumb Code   566  main.o(.text.vPassengerWindowLowerTask)
    vPortEnterCritical                       0x00003f41   Thumb Code    48  port.o(.text.vPortEnterCritical)
    vPortExitCritical                        0x00003f71   Thumb Code    38  port.o(.text.vPortExitCritical)
    vPortFree                                0x00003f99   Thumb Code   118  heap_4.o(.text.vPortFree)
    vPortSetupTimerInterrupt                 0x00004011   Thumb Code    68  port.o(.text.vPortSetupTimerInterrupt)
    vQueueWaitForMessageRestricted           0x00004055   Thumb Code   100  queue.o(.text.vQueueWaitForMessageRestricted)
    vTaskDelay                               0x000040b9   Thumb Code    74  tasks.o(.text.vTaskDelay)
    vTaskInternalSetTimeOutState             0x00004105   Thumb Code    36  tasks.o(.text.vTaskInternalSetTimeOutState)
    vTaskMissedYield                         0x00004129   Thumb Code    14  tasks.o(.text.vTaskMissedYield)
    vTaskPlaceOnEventList                    0x00004139   Thumb Code    38  tasks.o(.text.vTaskPlaceOnEventList)
    vTaskPlaceOnEventListRestricted          0x00004161   Thumb Code   100  tasks.o(.text.vTaskPlaceOnEventListRestricted)
    vTaskPriorityDisinheritAfterTimeout      0x000041c5   Thumb Code   312  tasks.o(.text.vTaskPriorityDisinheritAfterTimeout)
    vTaskResume                              0x000042fd   Thumb Code   264  tasks.o(.text.vTaskResume)
    vTaskStartScheduler                      0x00004405   Thumb Code   114  tasks.o(.text.vTaskStartScheduler)
    vTaskSuspend                             0x00004479   Thumb Code   296  tasks.o(.text.vTaskSuspend)
    vTaskSuspendAll                          0x000045a1   Thumb Code    16  tasks.o(.text.vTaskSuspendAll)
    vTaskSwitchContext                       0x000045b1   Thumb Code   186  tasks.o(.text.vTaskSwitchContext)
    vUpperLimitAction                        0x0000466d   Thumb Code   326  main.o(.text.vUpperLimitAction)
    xPortStartScheduler                      0x000047b5   Thumb Code   108  port.o(.text.xPortStartScheduler)
    xPortSysTickHandler                      0x00004821   Thumb Code    62  port.o(.text.xPortSysTickHandler)
    xQueueGenericCreate                      0x00004861   Thumb Code   134  queue.o(.text.xQueueGenericCreate)
    xQueueGenericCreateStatic                0x000048e9   Thumb Code   108  queue.o(.text.xQueueGenericCreateStatic)
    xQueueGenericReset                       0x00004955   Thumb Code   208  queue.o(.text.xQueueGenericReset)
    xQueueGiveFromISR                        0x00004a25   Thumb Code   198  queue.o(.text.xQueueGiveFromISR)
    xQueueReceive                            0x00004aed   Thumb Code   338  queue.o(.text.xQueueReceive)
    xQueueSemaphoreTake                      0x00004c41   Thumb Code   414  queue.o(.text.xQueueSemaphoreTake)
    xTaskCheckForTimeOut                     0x00004de1   Thumb Code   196  tasks.o(.text.xTaskCheckForTimeOut)
    xTaskCreate                              0x00004ea5   Thumb Code    82  tasks.o(.text.xTaskCreate)
    xTaskCreateStatic                        0x00004ef9   Thumb Code    92  tasks.o(.text.xTaskCreateStatic)
    xTaskGenericNotifyFromISR                0x00004f55   Thumb Code   572  tasks.o(.text.xTaskGenericNotifyFromISR)
    xTaskGetSchedulerState                   0x00005191   Thumb Code    56  tasks.o(.text.xTaskGetSchedulerState)
    xTaskGetTickCount                        0x000051c9   Thumb Code    20  tasks.o(.text.xTaskGetTickCount)
    xTaskIncrementTick                       0x000051dd   Thumb Code   606  tasks.o(.text.xTaskIncrementTick)
    xTaskPriorityInherit                     0x0000543d   Thumb Code   348  tasks.o(.text.xTaskPriorityInherit)
    xTaskRemoveFromEventList                 0x00005599   Thumb Code   404  tasks.o(.text.xTaskRemoveFromEventList)
    xTaskResumeAll                           0x0000572d   Thumb Code   574  tasks.o(.text.xTaskResumeAll)
    xTimerCreateTimerTask                    0x0000596d   Thumb Code   120  timers.o(.text.xTimerCreateTimerTask)
    GPIOIntClear                             0x000059e5   Thumb Code     6  gpio.o(i.GPIOIntClear)
    GPIOIntEnable                            0x000059eb   Thumb Code    12  gpio.o(i.GPIOIntEnable)
    GPIOIntRegister                          0x000059f7   Thumb Code    26  gpio.o(i.GPIOIntRegister)
    GPIOIntStatus                            0x00005a11   Thumb Code    14  gpio.o(i.GPIOIntStatus)
    GPIOIntTypeSet                           0x00005a1f   Thumb Code    80  gpio.o(i.GPIOIntTypeSet)
    GPIOPinRead                              0x00005a6f   Thumb Code     6  gpio.o(i.GPIOPinRead)
    IntEnable                                0x00005a75   Thumb Code    92  interrupt.o(i.IntEnable)
    IntPrioritySet                           0x00005ad9   Thumb Code    36  interrupt.o(i.IntPrioritySet)
    IntRegister                              0x00005b01   Thumb Code    44  interrupt.o(i.IntRegister)
    SysCtlSleep                              0x00005b35   Thumb Code     4  sysctl.o(i.SysCtlSleep)
    __0snprintf                              0x00005b89   Thumb Code    48  printfa.o(i.__0snprintf)
    __1snprintf                              0x00005b89   Thumb Code     0  printfa.o(i.__0snprintf)
    __2snprintf                              0x00005b89   Thumb Code     0  printfa.o(i.__0snprintf)
    __c89snprintf                            0x00005b89   Thumb Code     0  printfa.o(i.__0snprintf)
    snprintf                                 0x00005b89   Thumb Code     0  printfa.o(i.__0snprintf)
    __scatterload_copy                       0x00005bbd   Thumb Code    14  handlers.o(i.__scatterload_copy)
    __scatterload_null                       0x00005bcb   Thumb Code     2  handlers.o(i.__scatterload_null)
    __scatterload_zeroinit                   0x00005bcd   Thumb Code    14  handlers.o(i.__scatterload_zeroinit)
    Region$$Table$$Base                      0x00006a20   Number         0  anon$$obj.o(Region$$Table)
    Region$$Table$$Limit                     0x00006a40   Number         0  anon$$obj.o(Region$$Table)
    SystemCoreClock                          0x20000000   Data           4  system_tm4c123.o(.data.SystemCoreClock)
    lcd_backlight                            0x20000008   Data           1  lcd.o(.data.lcd_backlight)
    window_state                             0x20000010   Data           4  main.o(.data.window_state)
    driver_elevate_button_state              0x20000670   Data           1  main.o(.bss.driver_elevate_button_state)
    driver_lower_button_state                0x20000671   Data           1  main.o(.bss.driver_lower_button_state)
    ir_sensor_state                          0x20000678   Data           1  main.o(.bss.ir_sensor_state)
    last_task                                0x20000680   Data           4  main.o(.bss.last_task)
    lock_state                               0x20000684   Data           1  main.o(.bss.lock_state)
    lower_limit_switch_state                 0x20000685   Data           1  main.o(.bss.lower_limit_switch_state)
    operation                                0x20000686   Data           1  main.o(.bss.operation)
    passenger_elevate_button_state           0x20000687   Data           1  main.o(.bss.passenger_elevate_button_state)
    passenger_lower_button_state             0x20000688   Data           1  main.o(.bss.passenger_lower_button_state)
    pxCurrentTCB                             0x20000730   Data           4  tasks.o(.bss.pxCurrentTCB)
    upper_limit_switch_state                 0x20002ba8   Data           1  main.o(.bss.upper_limit_switch_state)
    xDriverWindowElevateTaskHandle           0x20003008   Data           4  main.o(.bss.xDriverWindowElevateTaskHandle)
    xDriverWindowElevateTaskUnlockerSemaphore 0x2000300c   Data           4  main.o(.bss.xDriverWindowElevateTaskUnlockerSemaphore)
    xDriverWindowLowerTaskHandle             0x20003010   Data           4  main.o(.bss.xDriverWindowLowerTaskHandle)
    xDriverWindowLowerTaskUnlockerSemaphore  0x20003014   Data           4  main.o(.bss.xDriverWindowLowerTaskUnlockerSemaphore)
    xEncoderTaskHandle                       0x20003018   Data           4  main.o(.bss.xEncoderTaskHandle)
    xLockWindowsTaskHandle                   0x20003024   Data           4  main.o(.bss.xLockWindowsTaskHandle)
    xLockWindowsTaskUnlockerSemaphore        0x20003028   Data           4  main.o(.bss.xLockWindowsTaskUnlockerSemaphore)
    xLowerLimitActionHandle                  0x2000302c   Data           4  main.o(.bss.xLowerLimitActionHandle)
    xLowerLimitUnlockerSemaphore             0x20003030   Data           4  main.o(.bss.xLowerLimitUnlockerSemaphore)
    xObsatcleDetectionHandle                 0x20003048   Data           4  main.o(.bss.xObsatcleDetectionHandle)
    xObstacleDetectionUnlockerSemaphore      0x2000304c   Data           4  main.o(.bss.xObstacleDetectionUnlockerSemaphore)
    xPassengerWindowElevateTaskHandle        0x20003050   Data           4  main.o(.bss.xPassengerWindowElevateTaskHandle)
    xPassengerWindowElevateTaskUnlockerSemaphore 0x20003054   Data           4  main.o(.bss.xPassengerWindowElevateTaskUnlockerSemaphore)
    xPassengerWindowLowerTaskHandle          0x20003058   Data           4  main.o(.bss.xPassengerWindowLowerTaskHandle)
    xPassengerWindowLowerTaskUnlockerSemaphore 0x2000305c   Data           4  main.o(.bss.xPassengerWindowLowerTaskUnlockerSemaphore)
    xUpperLimitActionHandle                  0x200030b8   Data           4  main.o(.bss.xUpperLimitActionHandle)
    xUpperLimitUnlockerSemaphore             0x200030bc   Data           4  main.o(.bss.xUpperLimitUnlockerSemaphore)
    __initial_sp                             0x200032c8   Data           0  startup_tm4c123.o(STACK)



==============================================================================

Memory Map of the image

  Image Entry point : 0x000002a9

  Load Region LR_IROM1 (Base: 0x00000000, Size: 0x00007270, Max: 0x00040000, ABSOLUTE, COMPRESSED[0x00006c20])

    Execution Region ER_IROM1 (Exec base: 0x00000000, Load base: 0x00000000, Size: 0x00006a40, Max: 0x00040000, ABSOLUTE)

    Exec Addr    Load Addr    Size         Type   Attr      Idx    E Section Name        Object

    0x00000000   0x00000000   0x0000026c   Data   RO          382    RESET               startup_tm4c123.o
    0x0000026c   0x0000026c   0x00000000   Code   RO         1686  * .ARM.Collect$$$$00000000  mc_w.l(entry.o)
    0x0000026c   0x0000026c   0x00000004   Code   RO         1732    .ARM.Collect$$$$00000001  mc_w.l(entry2.o)
    0x00000270   0x00000270   0x00000004   Code   RO         1735    .ARM.Collect$$$$00000004  mc_w.l(entry5.o)
    0x00000274   0x00000274   0x00000000   Code   RO         1737    .ARM.Collect$$$$00000008  mc_w.l(entry7b.o)
    0x00000274   0x00000274   0x00000000   Code   RO         1739    .ARM.Collect$$$$0000000A  mc_w.l(entry8b.o)
    0x00000274   0x00000274   0x00000008   Code   RO         1740    .ARM.Collect$$$$0000000B  mc_w.l(entry9a.o)
    0x0000027c   0x0000027c   0x00000000   Code   RO         1742    .ARM.Collect$$$$0000000D  mc_w.l(entry10a.o)
    0x0000027c   0x0000027c   0x00000000   Code   RO         1744    .ARM.Collect$$$$0000000F  mc_w.l(entry11a.o)
    0x0000027c   0x0000027c   0x00000004   Code   RO         1733    .ARM.Collect$$$$00002712  mc_w.l(entry2.o)
    0x00000280   0x00000280   0x00000026   Code   RO         1676    .emb_text           driverlib.lib(cpu.o)
    0x000002a6   0x000002a6   0x00000002   PAD
    0x000002a8   0x000002a8   0x000000fc   Code   RO          383  * .text               startup_tm4c123.o
    0x000003a4   0x000003a4   0x00000024   Code   RO         1696    .text               mc_w.l(memcpya.o)
    0x000003c8   0x000003c8   0x00000024   Code   RO         1698    .text               mc_w.l(memseta.o)
    0x000003ec   0x000003ec   0x0000002c   Code   RO         1755    .text               mc_w.l(uidiv.o)
    0x00000418   0x00000418   0x00000062   Code   RO         1757    .text               mc_w.l(uldiv.o)
    0x0000047a   0x0000047a   0x00000000   Code   RO         1759    .text               mc_w.l(iusefp.o)
    0x0000047a   0x0000047a   0x0000014e   Code   RO         1760    .text               mf_w.l(dadd.o)
    0x000005c8   0x000005c8   0x000000e4   Code   RO         1762    .text               mf_w.l(dmul.o)
    0x000006ac   0x000006ac   0x000000de   Code   RO         1764    .text               mf_w.l(ddiv.o)
    0x0000078a   0x0000078a   0x00000030   Code   RO         1766    .text               mf_w.l(dfixul.o)
    0x000007ba   0x000007ba   0x00000002   PAD
    0x000007bc   0x000007bc   0x00000030   Code   RO         1768    .text               mf_w.l(cdrcmple.o)
    0x000007ec   0x000007ec   0x00000024   Code   RO         1770    .text               mc_w.l(init.o)
    0x00000810   0x00000810   0x0000001e   Code   RO         1772    .text               mc_w.l(llshl.o)
    0x0000082e   0x0000082e   0x00000020   Code   RO         1774    .text               mc_w.l(llushr.o)
    0x0000084e   0x0000084e   0x00000024   Code   RO         1776    .text               mc_w.l(llsshr.o)
    0x00000872   0x00000872   0x000000ba   Code   RO         1778    .text               mf_w.l(depilogue.o)
    0x0000092c   0x0000092c   0x0000003a   Code   RO         1788    .text               mc_w.l(__dczerorl.o)
    0x00000966   0x00000966   0x00000002   PAD
    0x00000968   0x00000968   0x0000008c   Code   RO          119    .text.I2C0_Init     lcd.o
    0x000009f4   0x000009f4   0x00000044   Code   RO          139    .text.I2C0_WriteByte  lcd.o
    0x00000a38   0x00000a38   0x00000720   Code   RO           29    .text.ISRHandlers   main.o
    0x00001158   0x00001158   0x00000028   Code   RO          125    .text.LCD_Clear     lcd.o
    0x00001180   0x00001180   0x0000002a   Code   RO          123    .text.LCD_Cmd       lcd.o
    0x000011aa   0x000011aa   0x00000002   PAD
    0x000011ac   0x000011ac   0x0000002a   Code   RO          131    .text.LCD_Data      lcd.o
    0x000011d6   0x000011d6   0x00000002   PAD
    0x000011d8   0x000011d8   0x000000e2   Code   RO          117    .text.LCD_Init      lcd.o
    0x000012ba   0x000012ba   0x00000002   PAD
    0x000012bc   0x000012bc   0x00000022   Code   RO          129    .text.LCD_Print     lcd.o
    0x000012de   0x000012de   0x00000002   PAD
    0x000012e0   0x000012e0   0x0000003e   Code   RO          141    .text.LCD_PulseEnable  lcd.o
    0x0000131e   0x0000131e   0x00000002   PAD
    0x00001320   0x00001320   0x00000020   Code   RO          135    .text.LCD_SetBacklight  lcd.o
    0x00001340   0x00001340   0x00000030   Code   RO          127    .text.LCD_SetCursor  lcd.o
    0x00001370   0x00001370   0x0000002a   Code   RO          137    .text.LCD_Write4Bits  lcd.o
    0x0000139a   0x0000139a   0x00000002   PAD
    0x0000139c   0x0000139c   0x0000002c   Code   RO          121    .text.LCD_WriteNibble  lcd.o
    0x000013c8   0x000013c8   0x00000008   PAD
    0x000013d0   0x000013d0   0x00000064   Code   RO          481    .text.PendSV_Handler  port.o
    0x00001434   0x00001434   0x0000003a   Code   RO          102    .text.PortA_Config  ports_init.o
    0x0000146e   0x0000146e   0x00000002   PAD
    0x00001470   0x00001470   0x00000032   Code   RO          104    .text.PortC_Config  ports_init.o
    0x000014a2   0x000014a2   0x00000002   PAD
    0x000014a4   0x000014a4   0x00000070   Code   RO          108    .text.PortD_Config  ports_init.o
    0x00001514   0x00001514   0x00000072   Code   RO          106    .text.PortF_Config  ports_init.o
    0x00001586   0x00001586   0x0000000a   PAD
    0x00001590   0x00001590   0x00000024   Code   RO          465    .text.SVC_Handler   port.o
    0x000015b4   0x000015b4   0x0000001e   Code   RO          161    .text.SysTick_Handler  cmsis_os2.o
    0x000015d2   0x000015d2   0x00000002   PAD
    0x000015d4   0x000015d4   0x0000010c   Code   RO          394    .text.SystemInit    system_tm4c123.o
    0x000016e0   0x000016e0   0x000003e0   Code   RO           27    .text.main          main.o
    0x00001ac0   0x00001ac0   0x0000010e   Code   RO          634    .text.prvAddCurrentTaskToDelayedList  tasks.o
    0x00001bce   0x00001bce   0x00000002   PAD
    0x00001bd0   0x00001bd0   0x00000170   Code   RO          618    .text.prvAddNewTaskToReadyList  tasks.o
    0x00001d40   0x00001d40   0x0000007e   Code   RO          796    .text.prvCheckForValidListAndQueue  timers.o
    0x00001dbe   0x00001dbe   0x00000002   PAD
    0x00001dc0   0x00001dc0   0x0000005a   Code   RO          668    .text.prvCheckTasksWaitingTermination  tasks.o
    0x00001e1a   0x00001e1a   0x00000002   PAD
    0x00001e1c   0x00001e1c   0x00000042   Code   RO          571    .text.prvCopyDataFromQueue  queue.o
    0x00001e5e   0x00001e5e   0x00000002   PAD
    0x00001e60   0x00001e60   0x000000c8   Code   RO          664    .text.prvCreateIdleTasks  tasks.o
    0x00001f28   0x00001f28   0x00000078   Code   RO          616    .text.prvCreateStaticTask  tasks.o
    0x00001fa0   0x00001fa0   0x0000008e   Code   RO          622    .text.prvCreateTask  tasks.o
    0x0000202e   0x0000202e   0x00000002   PAD
    0x00002030   0x00002030   0x0000003c   Code   RO          628    .text.prvDeleteTCB  tasks.o
    0x0000206c   0x0000206c   0x00000026   Code   RO          575    .text.prvGetDisinheritPriorityAfterTimeout  queue.o
    0x00002092   0x00002092   0x00000002   PAD
    0x00002094   0x00002094   0x00000040   Code   RO          842    .text.prvGetNextExpireTime  timers.o
    0x000020d4   0x000020d4   0x000000aa   Code   RO          495    .text.prvHeapInit   heap_4.o
    0x0000217e   0x0000217e   0x00000002   PAD
    0x00002180   0x00002180   0x0000003c   Code   RO          758    .text.prvIdleTask   tasks.o
    0x000021bc   0x000021bc   0x00000048   Code   RO          531    .text.prvInitialiseNewQueue  queue.o
    0x00002204   0x00002204   0x000000e6   Code   RO          754    .text.prvInitialiseNewTask  tasks.o
    0x000022ea   0x000022ea   0x00000002   PAD
    0x000022ec   0x000022ec   0x0000008e   Code   RO          756    .text.prvInitialiseTaskLists  tasks.o
    0x0000237a   0x0000237a   0x00000002   PAD
    0x0000237c   0x0000237c   0x000000d8   Code   RO          499    .text.prvInsertBlockIntoFreeList  heap_4.o
    0x00002454   0x00002454   0x00000086   Code   RO          856    .text.prvInsertTimerInActiveList  timers.o
    0x000024da   0x000024da   0x00000002   PAD
    0x000024dc   0x000024dc   0x00000028   Code   RO          573    .text.prvIsQueueEmpty  queue.o
    0x00002504   0x00002504   0x00000028   Code   RO          473    .text.prvPortStartFirstTask  port.o
    0x0000252c   0x0000252c   0x00000054   Code   RO          850    .text.prvProcessExpiredTimer  timers.o
    0x00002580   0x00002580   0x0000014e   Code   RO          846    .text.prvProcessReceivedCommands  timers.o
    0x000026ce   0x000026ce   0x00000002   PAD
    0x000026d0   0x000026d0   0x0000009a   Code   RO          844    .text.prvProcessTimerOrBlockTask  timers.o
    0x0000276a   0x0000276a   0x00000002   PAD
    0x0000276c   0x0000276c   0x00000034   Code   RO          854    .text.prvReloadTimer  timers.o
    0x000027a0   0x000027a0   0x0000003c   Code   RO          626    .text.prvResetNextTaskUnblockTime  tasks.o
    0x000027dc   0x000027dc   0x00000044   Code   RO          848    .text.prvSampleTimeNow  timers.o
    0x00002820   0x00002820   0x00000052   Code   RO          852    .text.prvSwitchTimerLists  timers.o
    0x00002872   0x00002872   0x00000002   PAD
    0x00002874   0x00002874   0x00000026   Code   RO          463    .text.prvTaskExitError  port.o
    0x0000289a   0x0000289a   0x00000002   PAD
    0x0000289c   0x0000289c   0x0000007c   Code   RO          658    .text.prvTaskIsTaskSuspended  tasks.o
    0x00002918   0x00002918   0x0000001e   Code   RO          798    .text.prvTimerTask  timers.o
    0x00002936   0x00002936   0x00000002   PAD
    0x00002938   0x00002938   0x000000ae   Code   RO          563    .text.prvUnlockQueue  queue.o
    0x000029e6   0x000029e6   0x00000002   PAD
    0x000029e8   0x000029e8   0x000001b6   Code   RO          493    .text.pvPortMalloc  heap_4.o
    0x00002b9e   0x00002b9e   0x00000002   PAD
    0x00002ba0   0x00002ba0   0x00000024   Code   RO          732    .text.pvTaskIncrementMutexHeldCount  tasks.o
    0x00002bc4   0x00002bc4   0x0000005e   Code   RO          461    .text.pxPortInitialiseStack  port.o
    0x00002c22   0x00002c22   0x00000002   PAD
    0x00002c24   0x00002c24   0x0000010c   Code   RO          734    .text.ulTaskGenericNotifyTake  tasks.o
    0x00002d30   0x00002d30   0x00000048   Code   RO          452    .text.uxListRemove  list.o
    0x00002d78   0x00002d78   0x0000000c   Code   RO          676    .text.uxTaskGetNumberOfTasks  tasks.o
    0x00002d84   0x00002d84   0x0000002a   Code   RO          748    .text.vApplicationGetIdleTaskMemory  tasks.o
    0x00002dae   0x00002dae   0x00000002   PAD
    0x00002db0   0x00002db0   0x0000002a   Code   RO          750    .text.vApplicationGetTimerTaskMemory  tasks.o
    0x00002dda   0x00002dda   0x00000002   PAD
    0x00002ddc   0x00002ddc   0x000000a0   Code   RO           47    .text.vApplicationIdleHook  main.o
    0x00002e7c   0x00002e7c   0x0000023c   Code   RO           35    .text.vDriverWindowElevateTask  main.o
    0x000030b8   0x000030b8   0x0000023a   Code   RO           37    .text.vDriverWindowLowerTask  main.o
    0x000032f2   0x000032f2   0x00000002   PAD
    0x000032f4   0x000032f4   0x00000284   Code   RO           25    .text.vEncoderTask  main.o
    0x00003578   0x00003578   0x0000002e   Code   RO          444    .text.vListInitialise  list.o
    0x000035a6   0x000035a6   0x00000002   PAD
    0x000035a8   0x000035a8   0x0000000e   Code   RO          446    .text.vListInitialiseItem  list.o
    0x000035b6   0x000035b6   0x00000002   PAD
    0x000035b8   0x000035b8   0x0000006a   Code   RO          450    .text.vListInsert   list.o
    0x00003622   0x00003622   0x00000002   PAD
    0x00003624   0x00003624   0x0000003a   Code   RO          448    .text.vListInsertEnd  list.o
    0x0000365e   0x0000365e   0x00000002   PAD
    0x00003660   0x00003660   0x00000158   Code   RO           39    .text.vLockWindows  main.o
    0x000037b8   0x000037b8   0x00000148   Code   RO           43    .text.vLowerLimitAction  main.o
    0x00003900   0x00003900   0x000001bc   Code   RO           45    .text.vObstacleDetection  main.o
    0x00003abc   0x00003abc   0x00000238   Code   RO           31    .text.vPassengerWindowElevateTask  main.o
    0x00003cf4   0x00003cf4   0x00000236   Code   RO           33    .text.vPassengerWindowLowerTask  main.o
    0x00003f2a   0x00003f2a   0x00000002   PAD
    0x00003f2c   0x00003f2c   0x00000014   Code   RO          471    .text.vPortEnableVFP  port.o
    0x00003f40   0x00003f40   0x00000030   Code   RO          477    .text.vPortEnterCritical  port.o
    0x00003f70   0x00003f70   0x00000026   Code   RO          479    .text.vPortExitCritical  port.o
    0x00003f96   0x00003f96   0x00000002   PAD
    0x00003f98   0x00003f98   0x00000076   Code   RO          497    .text.vPortFree     heap_4.o
    0x0000400e   0x0000400e   0x00000002   PAD
    0x00004010   0x00004010   0x00000044   Code   RO          469    .text.vPortSetupTimerInterrupt  port.o
    0x00004054   0x00004054   0x00000064   Code   RO          605    .text.vQueueWaitForMessageRestricted  queue.o
    0x000040b8   0x000040b8   0x0000004a   Code   RO          638    .text.vTaskDelay    tasks.o
    0x00004102   0x00004102   0x00000002   PAD
    0x00004104   0x00004104   0x00000024   Code   RO          702    .text.vTaskInternalSetTimeOutState  tasks.o
    0x00004128   0x00004128   0x0000000e   Code   RO          706    .text.vTaskMissedYield  tasks.o
    0x00004136   0x00004136   0x00000002   PAD
    0x00004138   0x00004138   0x00000026   Code   RO          690    .text.vTaskPlaceOnEventList  tasks.o
    0x0000415e   0x0000415e   0x00000002   PAD
    0x00004160   0x00004160   0x00000064   Code   RO          694    .text.vTaskPlaceOnEventListRestricted  tasks.o
    0x000041c4   0x000041c4   0x00000138   Code   RO          728    .text.vTaskPriorityDisinheritAfterTimeout  tasks.o
    0x000042fc   0x000042fc   0x00000108   Code   RO          656    .text.vTaskResume   tasks.o
    0x00004404   0x00004404   0x00000072   Code   RO          662    .text.vTaskStartScheduler  tasks.o
    0x00004476   0x00004476   0x00000002   PAD
    0x00004478   0x00004478   0x00000128   Code   RO          652    .text.vTaskSuspend  tasks.o
    0x000045a0   0x000045a0   0x00000010   Code   RO          632    .text.vTaskSuspendAll  tasks.o
    0x000045b0   0x000045b0   0x000000ba   Code   RO          654    .text.vTaskSwitchContext  tasks.o
    0x0000466a   0x0000466a   0x00000002   PAD
    0x0000466c   0x0000466c   0x00000146   Code   RO           41    .text.vUpperLimitAction  main.o
    0x000047b2   0x000047b2   0x00000002   PAD
    0x000047b4   0x000047b4   0x0000006c   Code   RO          467    .text.xPortStartScheduler  port.o
    0x00004820   0x00004820   0x0000003e   Code   RO          483    .text.xPortSysTickHandler  port.o
    0x0000485e   0x0000485e   0x00000002   PAD
    0x00004860   0x00004860   0x00000086   Code   RO          535    .text.xQueueGenericCreate  queue.o
    0x000048e6   0x000048e6   0x00000002   PAD
    0x000048e8   0x000048e8   0x0000006c   Code   RO          529    .text.xQueueGenericCreateStatic  queue.o
    0x00004954   0x00004954   0x000000d0   Code   RO          527    .text.xQueueGenericReset  queue.o
    0x00004a24   0x00004a24   0x000000c6   Code   RO          567    .text.xQueueGiveFromISR  queue.o
    0x00004aea   0x00004aea   0x00000002   PAD
    0x00004aec   0x00004aec   0x00000152   Code   RO          569    .text.xQueueReceive  queue.o
    0x00004c3e   0x00004c3e   0x00000002   PAD
    0x00004c40   0x00004c40   0x0000019e   Code   RO          553    .text.xQueueSemaphoreTake  queue.o
    0x00004dde   0x00004dde   0x00000002   PAD
    0x00004de0   0x00004de0   0x000000c4   Code   RO          704    .text.xTaskCheckForTimeOut  tasks.o
    0x00004ea4   0x00004ea4   0x00000052   Code   RO          620    .text.xTaskCreate   tasks.o
    0x00004ef6   0x00004ef6   0x00000002   PAD
    0x00004ef8   0x00004ef8   0x0000005c   Code   RO          614    .text.xTaskCreateStatic  tasks.o
    0x00004f54   0x00004f54   0x0000023c   Code   RO          740    .text.xTaskGenericNotifyFromISR  tasks.o
    0x00005190   0x00005190   0x00000038   Code   RO          722    .text.xTaskGetSchedulerState  tasks.o
    0x000051c8   0x000051c8   0x00000014   Code   RO          672    .text.xTaskGetTickCount  tasks.o
    0x000051dc   0x000051dc   0x0000025e   Code   RO          670    .text.xTaskIncrementTick  tasks.o
    0x0000543a   0x0000543a   0x00000002   PAD
    0x0000543c   0x0000543c   0x0000015c   Code   RO          724    .text.xTaskPriorityInherit  tasks.o
    0x00005598   0x00005598   0x00000194   Code   RO          696    .text.xTaskRemoveFromEventList  tasks.o
    0x0000572c   0x0000572c   0x0000023e   Code   RO          636    .text.xTaskResumeAll  tasks.o
    0x0000596a   0x0000596a   0x00000002   PAD
    0x0000596c   0x0000596c   0x00000078   Code   RO          794    .text.xTimerCreateTimerTask  timers.o
    0x000059e4   0x000059e4   0x00000006   Code   RO          880    i.GPIOIntClear      driverlib.lib(gpio.o)
    0x000059ea   0x000059ea   0x0000000c   Code   RO          882    i.GPIOIntEnable     driverlib.lib(gpio.o)
    0x000059f6   0x000059f6   0x0000001a   Code   RO          883    i.GPIOIntRegister   driverlib.lib(gpio.o)
    0x00005a10   0x00005a10   0x0000000e   Code   RO          885    i.GPIOIntStatus     driverlib.lib(gpio.o)
    0x00005a1e   0x00005a1e   0x00000050   Code   RO          887    i.GPIOIntTypeSet    driverlib.lib(gpio.o)
    0x00005a6e   0x00005a6e   0x00000006   Code   RO          893    i.GPIOPinRead       driverlib.lib(gpio.o)
    0x00005a74   0x00005a74   0x00000064   Code   RO         1213    i.IntEnable         driverlib.lib(interrupt.o)
    0x00005ad8   0x00005ad8   0x00000028   Code   RO         1224    i.IntPrioritySet    driverlib.lib(interrupt.o)
    0x00005b00   0x00005b00   0x00000034   Code   RO         1225    i.IntRegister       driverlib.lib(interrupt.o)
    0x00005b34   0x00005b34   0x00000004   Code   RO         1376    i.SysCtlSleep       driverlib.lib(sysctl.o)
    0x00005b38   0x00005b38   0x00000050   Code   RO          923    i._GPIOIntNumberGet  driverlib.lib(gpio.o)
    0x00005b88   0x00005b88   0x00000034   Code   RO         1706    i.__0snprintf       mc_w.l(printfa.o)
    0x00005bbc   0x00005bbc   0x0000000e   Code   RO         1782    i.__scatterload_copy  mc_w.l(handlers.o)
    0x00005bca   0x00005bca   0x00000002   Code   RO         1783    i.__scatterload_null  mc_w.l(handlers.o)
    0x00005bcc   0x00005bcc   0x0000000e   Code   RO         1784    i.__scatterload_zeroinit  mc_w.l(handlers.o)
    0x00005bda   0x00005bda   0x00000002   PAD
    0x00005bdc   0x00005bdc   0x00000184   Code   RO         1712    i._fp_digits        mc_w.l(printfa.o)
    0x00005d60   0x00005d60   0x000006dc   Code   RO         1713    i._printf_core      mc_w.l(printfa.o)
    0x0000643c   0x0000643c   0x00000024   Code   RO         1714    i._printf_post_padding  mc_w.l(printfa.o)
    0x00006460   0x00006460   0x0000002e   Code   RO         1715    i._printf_pre_padding  mc_w.l(printfa.o)
    0x0000648e   0x0000648e   0x00000016   Code   RO         1716    i._snputc           mc_w.l(printfa.o)
    0x000064a4   0x000064a4   0x00000228   Data   RO          924    .constdata          driverlib.lib(gpio.o)
    0x000066cc   0x000066cc   0x0000010c   Data   RO         1229    .constdata          driverlib.lib(interrupt.o)
    0x000067d8   0x000067d8   0x00000234   Data   RO           68    .rodata.str1.1      main.o
    0x00006a0c   0x00006a0c   0x00000005   Data   RO          786    .rodata.str1.1      tasks.o
    0x00006a11   0x00006a11   0x00000008   Data   RO          859    .rodata.str1.1      timers.o
    0x00006a19   0x00006a19   0x00000003   PAD
    0x00006a1c   0x00006a1c   0x00000004   Data   RO          777    .rodata.uxTopUsedPriority  tasks.o
    0x00006a20   0x00006a20   0x00000020   Data   RO         1781    Region$$Table       anon$$obj.o


    Execution Region RW_IRAM1 (Exec base: 0x20000000, Load base: 0x00006c00, Size: 0x000032c8, Max: 0x00008000, ABSOLUTE, COMPRESSED[0x00000020])

    Exec Addr    Load Addr    Size         Type   Attr      Idx    E Section Name        Object

    0x20000000   COMPRESSED   0x00000004   Data   RW          396    .data.SystemCoreClock  system_tm4c123.o
    0x20000004   COMPRESSED   0x00000004   Data   RW           69    .data.encoderPos    main.o
    0x20000008   COMPRESSED   0x00000001   Data   RW          143    .data.lcd_backlight  lcd.o
    0x20000009   COMPRESSED   0x00000003   PAD
    0x2000000c   COMPRESSED   0x00000004   Data   RW          485    .data.uxCriticalNesting  port.o
    0x20000010   COMPRESSED   0x00000004   Data   RW           50    .data.window_state  main.o
    0x20000014   COMPRESSED   0x000003ec   PAD
    0x20000400   COMPRESSED   0x0000026c   Data   RW         1230    vtable              driverlib.lib(interrupt.o)
    0x2000066c   COMPRESSED   0x00000004   PAD
    0x20000670        -       0x00000001   Zero   RW           71    .bss.driver_elevate_button_state  main.o
    0x20000671        -       0x00000001   Zero   RW           73    .bss.driver_lower_button_state  main.o
    0x20000672   COMPRESSED   0x00000002   PAD
    0x20000674        -       0x00000004   Zero   RW           70    .bss.encoderDirection  main.o
    0x20000678        -       0x00000001   Zero   RW           77    .bss.ir_sensor_state  main.o
    0x20000679   COMPRESSED   0x00000003   PAD
    0x2000067c        -       0x00000004   Zero   RW           80    .bss.lastEncoderTime  main.o
    0x20000680        -       0x00000004   Zero   RW           51    .bss.last_task      main.o
    0x20000684        -       0x00000001   Zero   RW           76    .bss.lock_state     main.o
    0x20000685        -       0x00000001   Zero   RW           79    .bss.lower_limit_switch_state  main.o
    0x20000686        -       0x00000001   Zero   RW           72    .bss.operation      main.o
    0x20000687        -       0x00000001   Zero   RW           74    .bss.passenger_elevate_button_state  main.o
    0x20000688        -       0x00000001   Zero   RW           75    .bss.passenger_lower_button_state  main.o
    0x20000689        -       0x00000050   Zero   RW          867    .bss.prvCheckForValidListAndQueue.ucStaticTimerQueueStorage  timers.o
    0x200006d9   COMPRESSED   0x00000003   PAD
    0x200006dc        -       0x00000050   Zero   RW          866    .bss.prvCheckForValidListAndQueue.xStaticTimerQueue  timers.o
    0x2000072c        -       0x00000004   Zero   RW          863    .bss.prvSampleTimeNow.xLastTime  timers.o
    0x20000730        -       0x00000004   Zero   RW          760    .bss.pxCurrentTCB   tasks.o
    0x20000734        -       0x00000004   Zero   RW          861    .bss.pxCurrentTimerList  timers.o
    0x20000738        -       0x00000004   Zero   RW          767    .bss.pxDelayedTaskList  tasks.o
    0x2000073c        -       0x00000004   Zero   RW          513    .bss.pxEnd          heap_4.o
    0x20000740        -       0x00000004   Zero   RW          768    .bss.pxOverflowDelayedTaskList  tasks.o
    0x20000744        -       0x00000004   Zero   RW          862    .bss.pxOverflowTimerList  timers.o
    0x20000748        -       0x00000460   Zero   RW          771    .bss.pxReadyTasksLists  tasks.o
    0x20000ba8        -       0x00002000   Zero   RW          519    .bss.ucHeap         heap_4.o
    0x20002ba8        -       0x00000001   Zero   RW           78    .bss.upper_limit_switch_state  main.o
    0x20002ba9   COMPRESSED   0x00000003   PAD
    0x20002bac        -       0x00000004   Zero   RW          765    .bss.uxCurrentNumberOfTasks  tasks.o
    0x20002bb0        -       0x00000004   Zero   RW          764    .bss.uxDeletedTasksWaitingCleanUp  tasks.o
    0x20002bb4        -       0x00000004   Zero   RW          773    .bss.uxSchedulerSuspended  tasks.o
    0x20002bb8        -       0x00000004   Zero   RW          761    .bss.uxTaskNumber   tasks.o
    0x20002bbc        -       0x00000004   Zero   RW          772    .bss.uxTopReadyPriority  tasks.o
    0x20002bc0        -       0x00000200   Zero   RW          781    .bss.vApplicationGetIdleTaskMemory.uxIdleTaskStack  tasks.o
    0x20002dc0        -       0x0000005c   Zero   RW          780    .bss.vApplicationGetIdleTaskMemory.xIdleTaskTCB  tasks.o
    0x20002e1c        -       0x00000140   Zero   RW          783    .bss.vApplicationGetTimerTaskMemory.uxTimerTaskStack  tasks.o
    0x20002f5c        -       0x0000005c   Zero   RW          782    .bss.vApplicationGetTimerTaskMemory.xTimerTaskTCB  tasks.o
    0x20002fb8        -       0x00000014   Zero   RW          864    .bss.xActiveTimerList1  timers.o
    0x20002fcc        -       0x00000014   Zero   RW          865    .bss.xActiveTimerList2  timers.o
    0x20002fe0        -       0x00000014   Zero   RW          784    .bss.xDelayedTaskList1  tasks.o
    0x20002ff4        -       0x00000014   Zero   RW          785    .bss.xDelayedTaskList2  tasks.o
    0x20003008        -       0x00000004   Zero   RW           52    .bss.xDriverWindowElevateTaskHandle  main.o
    0x2000300c        -       0x00000004   Zero   RW           60    .bss.xDriverWindowElevateTaskUnlockerSemaphore  main.o
    0x20003010        -       0x00000004   Zero   RW           53    .bss.xDriverWindowLowerTaskHandle  main.o
    0x20003014        -       0x00000004   Zero   RW           61    .bss.xDriverWindowLowerTaskUnlockerSemaphore  main.o
    0x20003018        -       0x00000004   Zero   RW           49    .bss.xEncoderTaskHandle  main.o
    0x2000301c        -       0x00000004   Zero   RW          514    .bss.xFreeBytesRemaining  heap_4.o
    0x20003020        -       0x00000004   Zero   RW          776    .bss.xIdleTaskHandles  tasks.o
    0x20003024        -       0x00000004   Zero   RW           57    .bss.xLockWindowsTaskHandle  main.o
    0x20003028        -       0x00000004   Zero   RW           64    .bss.xLockWindowsTaskUnlockerSemaphore  main.o
    0x2000302c        -       0x00000004   Zero   RW           59    .bss.xLowerLimitActionHandle  main.o
    0x20003030        -       0x00000004   Zero   RW           67    .bss.xLowerLimitUnlockerSemaphore  main.o
    0x20003034        -       0x00000004   Zero   RW          516    .bss.xMinimumEverFreeBytesRemaining  heap_4.o
    0x20003038        -       0x00000004   Zero   RW          775    .bss.xNextTaskUnblockTime  tasks.o
    0x2000303c        -       0x00000004   Zero   RW          779    .bss.xNumOfOverflows  tasks.o
    0x20003040        -       0x00000004   Zero   RW          517    .bss.xNumberOfSuccessfulAllocations  heap_4.o
    0x20003044        -       0x00000004   Zero   RW          518    .bss.xNumberOfSuccessfulFrees  heap_4.o
    0x20003048        -       0x00000004   Zero   RW           56    .bss.xObsatcleDetectionHandle  main.o
    0x2000304c        -       0x00000004   Zero   RW           65    .bss.xObstacleDetectionUnlockerSemaphore  main.o
    0x20003050        -       0x00000004   Zero   RW           54    .bss.xPassengerWindowElevateTaskHandle  main.o
    0x20003054        -       0x00000004   Zero   RW           62    .bss.xPassengerWindowElevateTaskUnlockerSemaphore  main.o
    0x20003058        -       0x00000004   Zero   RW           55    .bss.xPassengerWindowLowerTaskHandle  main.o
    0x2000305c        -       0x00000004   Zero   RW           63    .bss.xPassengerWindowLowerTaskUnlockerSemaphore  main.o
    0x20003060        -       0x00000004   Zero   RW          778    .bss.xPendedTicks   tasks.o
    0x20003064        -       0x00000014   Zero   RW          769    .bss.xPendingReadyList  tasks.o
    0x20003078        -       0x00000004   Zero   RW          762    .bss.xSchedulerRunning  tasks.o
    0x2000307c        -       0x00000008   Zero   RW          515    .bss.xStart         heap_4.o
    0x20003084        -       0x00000014   Zero   RW          770    .bss.xSuspendedTaskList  tasks.o
    0x20003098        -       0x00000014   Zero   RW          763    .bss.xTasksWaitingTermination  tasks.o
    0x200030ac        -       0x00000004   Zero   RW          766    .bss.xTickCount     tasks.o
    0x200030b0        -       0x00000004   Zero   RW          858    .bss.xTimerQueue    timers.o
    0x200030b4        -       0x00000004   Zero   RW          860    .bss.xTimerTaskHandle  timers.o
    0x200030b8        -       0x00000004   Zero   RW           58    .bss.xUpperLimitActionHandle  main.o
    0x200030bc        -       0x00000004   Zero   RW           66    .bss.xUpperLimitUnlockerSemaphore  main.o
    0x200030c0        -       0x00000004   Zero   RW          774    .bss.xYieldPendings  tasks.o
    0x200030c4   COMPRESSED   0x00000004   PAD
    0x200030c8        -       0x00000200   Zero   RW          380    STACK               startup_tm4c123.o


==============================================================================

Image component sizes


      Code (inc. data)   RO Data    RW Data    ZI Data      Debug   Object Name

        30          0          0          0          0      29913   cmsis_os2.o
       942          0          0          0       8220       4606   heap_4.o
       820          0          0          1          0       8408   lcd.o
       296          0          0          0          0       2421   list.o
      7338          0        564          8         89       7692   main.o
       652         16          0          4          0       3026   port.o
       334          0          0          0          0        923   ports_init.o
      1890          0          0          0          0      14969   queue.o
       252         10        620          0        512       5540   startup_tm4c123.o
       268          0          0          4          0       6875   system_tm4c123.o
      6666          6          9          0       2296      27318   tasks.o
      1248         10          8          0        220      11287   timers.o

    ----------------------------------------------------------------------
     20856         42       1236       1024      11352     122978   Object Totals
         0          0         32          0          0          0   (incl. Generated)
       120          0          3       1007         15          0   (incl. Padding)

    ----------------------------------------------------------------------

      Code (inc. data)   RO Data    RW Data    ZI Data      Debug   Library Member Name

        38          0          0          0          0        572   cpu.o
       224         18        552          0          0       9321   gpio.o
       192         20        268        620          0       2679   interrupt.o
         4          0          0          0          0        450   sysctl.o
        58          0          0          0          0          0   __dczerorl.o
         0          0          0          0          0          0   entry.o
         0          0          0          0          0          0   entry10a.o
         0          0          0          0          0          0   entry11a.o
         8          4          0          0          0          0   entry2.o
         4          0          0          0          0          0   entry5.o
         0          0          0          0          0          0   entry7b.o
         0          0          0          0          0          0   entry8b.o
         8          4          0          0          0          0   entry9a.o
        30          0          0          0          0          0   handlers.o
        36          8          0          0          0         68   init.o
         0          0          0          0          0          0   iusefp.o
        30          0          0          0          0         68   llshl.o
        36          0          0          0          0         68   llsshr.o
        32          0          0          0          0         68   llushr.o
        36          0          0          0          0         68   memcpya.o
        36          0          0          0          0        108   memseta.o
      2300         84          0          0          0        524   printfa.o
        44          0          0          0          0         80   uidiv.o
        98          0          0          0          0         92   uldiv.o
        48          0          0          0          0         68   cdrcmple.o
       334          0          0          0          0        148   dadd.o
       222          0          0          0          0        100   ddiv.o
       186          0          0          0          0        176   depilogue.o
        48          0          0          0          0         68   dfixul.o
       228          0          0          0          0         96   dmul.o

    ----------------------------------------------------------------------
      4288        138        820        620          4      14822   Library Totals
         8          0          0          0          4          0   (incl. Padding)

    ----------------------------------------------------------------------

      Code (inc. data)   RO Data    RW Data    ZI Data      Debug   Library Name

       458         38        820        620          0      13022   driverlib.lib
      2756        100          0          0          0       1144   mc_w.l
      1066          0          0          0          0        656   mf_w.l

    ----------------------------------------------------------------------
      4288        138        820        620          4      14822   Library Totals

    ----------------------------------------------------------------------

==============================================================================


      Code (inc. data)   RO Data    RW Data    ZI Data      Debug   

     25144        180       2056       1644      11356     136248   Grand Totals
     25144        180       2056         32      11356     136248   ELF Image Totals (compressed)
     25144        180       2056         32          0          0   ROM Totals

==============================================================================

    Total RO  Size (Code + RO Data)                27200 (  26.56kB)
    Total RW  Size (RW Data + ZI Data)             13000 (  12.70kB)
    Total ROM Size (Code + RO Data + RW Data)      27232 (  26.59kB)

==============================================================================

